../Core/Src/main.c:106:5:main	40	static
../Core/Src/main.c:234:6:SystemClock_Config	152	static
../Core/Src/main.c:323:6:PeriphCommonClock_Config	200	static
../Core/Src/main.c:350:13:MX_ADC1_Init	48	static
../Core/Src/main.c:420:13:MX_ADC2_Init	40	static
../Core/Src/main.c:477:13:MX_TIM2_Init	40	static
../Core/Src/main.c:522:13:MX_USART3_UART_Init	8	static
../Core/Src/main.c:568:13:MX_DMA_Init	16	static
../Core/Src/main.c:586:13:MX_GPIO_Init	48	static
../Core/Src/main.c:630:6:HAL_ADC_ConvHalfCpltCallback	24	static
../Core/Src/main.c:648:6:HAL_ADC_ConvCpltCallback	24	static
../Core/Src/main.c:664:5:demodulate	48	static
../Core/Src/main.c:688:6:costas_loop	216	static
../Core/Src/main.c:762:6:MPU_Config	24	static
../Core/Src/main.c:793:6:Error_Handler	4	static,ignoring_inline_asm
