../Core/Src/main.c:112:5:main	56	static
../Core/Src/main.c:237:6:SystemClock_Config	152	static
../Core/Src/main.c:326:6:PeriphCommonClock_Config	200	static
../Core/Src/main.c:353:13:MX_ADC1_Init	48	static
../Core/Src/main.c:423:13:MX_ADC2_Init	40	static
../Core/Src/main.c:480:13:MX_TIM2_Init	40	static
../Core/Src/main.c:525:13:MX_USART3_UART_Init	8	static
../Core/Src/main.c:571:13:MX_DMA_Init	16	static
../Core/Src/main.c:589:13:MX_GPIO_Init	48	static
../Core/Src/main.c:633:6:HAL_ADC_ConvHalfCpltCallback	24	static
../Core/Src/main.c:653:6:HAL_ADC_ConvCpltCallback	24	static
../Core/Src/main.c:672:5:demodulate	48	static
../Core/Src/main.c:694:6:costas_loop	216	static
../Core/Src/main.c:733:9:find_packet	1248	static
../Core/Src/main.c:768:6:MPU_Config	24	static
../Core/Src/main.c:799:6:Error_Handler	4	static,ignoring_inline_asm
