Archive member included to satisfy reference by file (symbol)

C:\Users\domko\WRAP-MCU\WRAP_RX_H7\Drivers\CMSIS\Lib\GCC\libarm_cortexM4lf_math.a(arm_correlate_f32.o)
                              ./Core/Src/main.o (arm_correlate_f32)
C:\Users\domko\WRAP-MCU\WRAP_RX_H7\Drivers\CMSIS\Lib\GCC\libarm_cortexM4lf_math.a(arm_conv_f32.o)
                              ./Core/Src/main.o (arm_conv_f32)
C:/ST/STM32CubeIDE_1.4.0/STM32CubeIDE/plugins/com.st.stm32cube.ide.mcu.externaltools.gnu-tools-for-stm32.12.3.rel1.win32_1.0.100.202403111256/tools/bin/../lib/gcc/arm-none-eabi/12.3.1/../../../../arm-none-eabi/lib/thumb/v7e-m+dp/hard\libc_nano.a(libc_a-exit.o)
                              C:/ST/STM32CubeIDE_1.4.0/STM32CubeIDE/plugins/com.st.stm32cube.ide.mcu.externaltools.gnu-tools-for-stm32.12.3.rel1.win32_1.0.100.202403111256/tools/bin/../lib/gcc/arm-none-eabi/12.3.1/../../../../arm-none-eabi/lib/thumb/v7e-m+dp/hard/crt0.o (exit)
C:/ST/STM32CubeIDE_1.4.0/STM32CubeIDE/plugins/com.st.stm32cube.ide.mcu.externaltools.gnu-tools-for-stm32.12.3.rel1.win32_1.0.100.202403111256/tools/bin/../lib/gcc/arm-none-eabi/12.3.1/../../../../arm-none-eabi/lib/thumb/v7e-m+dp/hard\libc_nano.a(libc_a-findfp.o)
                              C:/ST/STM32CubeIDE_1.4.0/STM32CubeIDE/plugins/com.st.stm32cube.ide.mcu.externaltools.gnu-tools-for-stm32.12.3.rel1.win32_1.0.100.202403111256/tools/bin/../lib/gcc/arm-none-eabi/12.3.1/../../../../arm-none-eabi/lib/thumb/v7e-m+dp/hard\libc_nano.a(libc_a-exit.o) (__stdio_exit_handler)
C:/ST/STM32CubeIDE_1.4.0/STM32CubeIDE/plugins/com.st.stm32cube.ide.mcu.externaltools.gnu-tools-for-stm32.12.3.rel1.win32_1.0.100.202403111256/tools/bin/../lib/gcc/arm-none-eabi/12.3.1/../../../../arm-none-eabi/lib/thumb/v7e-m+dp/hard\libc_nano.a(libc_a-fwalk.o)
                              C:/ST/STM32CubeIDE_1.4.0/STM32CubeIDE/plugins/com.st.stm32cube.ide.mcu.externaltools.gnu-tools-for-stm32.12.3.rel1.win32_1.0.100.202403111256/tools/bin/../lib/gcc/arm-none-eabi/12.3.1/../../../../arm-none-eabi/lib/thumb/v7e-m+dp/hard\libc_nano.a(libc_a-findfp.o) (_fwalk_sglue)
C:/ST/STM32CubeIDE_1.4.0/STM32CubeIDE/plugins/com.st.stm32cube.ide.mcu.externaltools.gnu-tools-for-stm32.12.3.rel1.win32_1.0.100.202403111256/tools/bin/../lib/gcc/arm-none-eabi/12.3.1/../../../../arm-none-eabi/lib/thumb/v7e-m+dp/hard\libc_nano.a(libc_a-stdio.o)
                              C:/ST/STM32CubeIDE_1.4.0/STM32CubeIDE/plugins/com.st.stm32cube.ide.mcu.externaltools.gnu-tools-for-stm32.12.3.rel1.win32_1.0.100.202403111256/tools/bin/../lib/gcc/arm-none-eabi/12.3.1/../../../../arm-none-eabi/lib/thumb/v7e-m+dp/hard\libc_nano.a(libc_a-findfp.o) (__sread)
C:/ST/STM32CubeIDE_1.4.0/STM32CubeIDE/plugins/com.st.stm32cube.ide.mcu.externaltools.gnu-tools-for-stm32.12.3.rel1.win32_1.0.100.202403111256/tools/bin/../lib/gcc/arm-none-eabi/12.3.1/../../../../arm-none-eabi/lib/thumb/v7e-m+dp/hard\libc_nano.a(libc_a-memset.o)
                              C:/ST/STM32CubeIDE_1.4.0/STM32CubeIDE/plugins/com.st.stm32cube.ide.mcu.externaltools.gnu-tools-for-stm32.12.3.rel1.win32_1.0.100.202403111256/tools/bin/../lib/gcc/arm-none-eabi/12.3.1/../../../../arm-none-eabi/lib/thumb/v7e-m+dp/hard/crt0.o (memset)
C:/ST/STM32CubeIDE_1.4.0/STM32CubeIDE/plugins/com.st.stm32cube.ide.mcu.externaltools.gnu-tools-for-stm32.12.3.rel1.win32_1.0.100.202403111256/tools/bin/../lib/gcc/arm-none-eabi/12.3.1/../../../../arm-none-eabi/lib/thumb/v7e-m+dp/hard\libc_nano.a(libc_a-closer.o)
                              C:/ST/STM32CubeIDE_1.4.0/STM32CubeIDE/plugins/com.st.stm32cube.ide.mcu.externaltools.gnu-tools-for-stm32.12.3.rel1.win32_1.0.100.202403111256/tools/bin/../lib/gcc/arm-none-eabi/12.3.1/../../../../arm-none-eabi/lib/thumb/v7e-m+dp/hard\libc_nano.a(libc_a-stdio.o) (_close_r)
C:/ST/STM32CubeIDE_1.4.0/STM32CubeIDE/plugins/com.st.stm32cube.ide.mcu.externaltools.gnu-tools-for-stm32.12.3.rel1.win32_1.0.100.202403111256/tools/bin/../lib/gcc/arm-none-eabi/12.3.1/../../../../arm-none-eabi/lib/thumb/v7e-m+dp/hard\libc_nano.a(libc_a-reent.o)
                              C:/ST/STM32CubeIDE_1.4.0/STM32CubeIDE/plugins/com.st.stm32cube.ide.mcu.externaltools.gnu-tools-for-stm32.12.3.rel1.win32_1.0.100.202403111256/tools/bin/../lib/gcc/arm-none-eabi/12.3.1/../../../../arm-none-eabi/lib/thumb/v7e-m+dp/hard\libc_nano.a(libc_a-closer.o) (errno)
C:/ST/STM32CubeIDE_1.4.0/STM32CubeIDE/plugins/com.st.stm32cube.ide.mcu.externaltools.gnu-tools-for-stm32.12.3.rel1.win32_1.0.100.202403111256/tools/bin/../lib/gcc/arm-none-eabi/12.3.1/../../../../arm-none-eabi/lib/thumb/v7e-m+dp/hard\libc_nano.a(libc_a-impure.o)
                              C:/ST/STM32CubeIDE_1.4.0/STM32CubeIDE/plugins/com.st.stm32cube.ide.mcu.externaltools.gnu-tools-for-stm32.12.3.rel1.win32_1.0.100.202403111256/tools/bin/../lib/gcc/arm-none-eabi/12.3.1/../../../../arm-none-eabi/lib/thumb/v7e-m+dp/hard\libc_nano.a(libc_a-reent.o) (_impure_ptr)
[...]
Memory Configuration

Name             Origin             Length             Attributes
ITCMRAM          0x00000000         0x00010000         xrw
FLASH            0x08000000         0x00200000         xr
DTCMRAM1         0x20000000         0x00010000         xrw
DTCMRAM2         0x20010000         0x00010000         xrw
RAM              0x24000000         0x00100000         xrw
RAM_CD           0x30000000         0x00020000         xrw
RAM_SRD          0x38000000         0x00008000         xrw
*default*        0x00000000         0xffffffff

Linker script and memory map

LOAD C:/ST/STM32CubeIDE_1.4.0/STM32CubeIDE/plugins/com.st.stm32cube.ide.mcu.externaltools.gnu-tools-for-stm32.12.3.rel1.win32_1.0.100.202403111256/tools/bin/../lib/gcc/arm-none-eabi/12.3.1/thumb/v7e-m+dp/hard/crti.o
LOAD C:/ST/STM32CubeIDE_1.4.0/STM32CubeIDE/plugins/com.st.stm32cube.ide.mcu.externaltools.gnu-tools-for-stm32.12.3.rel1.win32_1.0.100.202403111256/tools/bin/../lib/gcc/arm-none-eabi/12.3.1/thumb/v7e-m+dp/hard/crtbegin.o
LOAD C:/ST/STM32CubeIDE_1.4.0/STM32CubeIDE/plugins/com.st.stm32cube.ide.mcu.externaltools.gnu-tools-for-stm32.12.3.rel1.win32_1.0.100.202403111256/tools/bin/../lib/gcc/arm-none-eabi/12.3.1/../../../../arm-none-eabi/lib/thumb/v7e-m+dp/hard/crt0.o
LOAD ./Core/Src/main.o
LOAD ./Core/Src/receiver.o
LOAD ./Core/Src/stm32h7xx_hal_msp.o
LOAD ./Core/Src/stm32h7xx_it.o
LOAD ./Core/Src/syscalls.o
LOAD ./Core/Src/sysmem.o
LOAD ./Core/Src/system_stm32h7xx.o
LOAD ./Core/Startup/startup_stm32h7a3zitxq.o
LOAD ./Drivers/STM32H7xx_HAL_Driver/Src/stm32h7xx_hal.o
LOAD ./Drivers/STM32H7xx_HAL_Driver/Src/stm32h7xx_hal_adc.o
LOAD ./Drivers/STM32H7xx_HAL_Driver/Src/stm32h7xx_hal_adc_ex.o
LOAD ./Drivers/STM32H7xx_HAL_Driver/Src/stm32h7xx_hal_cortex.o
LOAD ./Drivers/STM32H7xx_HAL_Driver/Src/stm32h7xx_hal_dma.o
LOAD ./Drivers/STM32H7xx_HAL_Driver/Src/stm32h7xx_hal_dma_ex.o
LOAD ./Drivers/STM32H7xx_HAL_Driver/Src/stm32h7xx_hal_exti.o
LOAD ./Drivers/STM32H7xx_HAL_Driver/Src/stm32h7xx_hal_flash.o
LOAD ./Drivers/STM32H7xx_HAL_Driver/Src/stm32h7xx_hal_flash_ex.o
LOAD ./Drivers/STM32H7xx_HAL_Driver/Src/stm32h7xx_hal_gpio.o
LOAD ./Drivers/STM32H7xx_HAL_Driver/Src/stm32h7xx_hal_hsem.o
LOAD ./Drivers/STM32H7xx_HAL_Driver/Src/stm32h7xx_hal_i2c.o
LOAD ./Drivers/STM32H7xx_HAL_Driver/Src/stm32h7xx_hal_i2c_ex.o
LOAD ./Drivers/STM32H7xx_HAL_Driver/Src/stm32h7xx_hal_mdma.o
LOAD ./Drivers/STM32H7xx_HAL_Driver/Src/stm32h7xx_hal_pwr.o
LOAD ./Drivers/STM32H7xx_HAL_Driver/Src/stm32h7xx_hal_pwr_ex.o
LOAD ./Drivers/STM32H7xx_HAL_Driver/Src/stm32h7xx_hal_rcc.o
LOAD ./Drivers/STM32H7xx_HAL_Driver/Src/stm32h7xx_hal_rcc_ex.o
LOAD ./Drivers/STM32H7xx_HAL_Driver/Src/stm32h7xx_hal_tim.o
LOAD ./Drivers/STM32H7xx_HAL_Driver/Src/stm32h7xx_hal_tim_ex.o
LOAD ./Drivers/STM32H7xx_HAL_Driver/Src/stm32h7xx_hal_uart.o
LOAD ./Drivers/STM32H7xx_HAL_Driver/Src/stm32h7xx_hal_uart_ex.o
LOAD C:\Users\domko\WRAP-MCU\WRAP_RX_H7\Drivers\CMSIS\Lib\GCC\libarm_cortexM4lf_math.a
START GROUP
LOAD C:/ST/STM32CubeIDE_1.4.0/STM32CubeIDE/plugins/com.st.stm32cube.ide.mcu.externaltools.gnu-tools-for-stm32.12.3.rel1.win32_1.0.100.202403111256/tools/bin/../lib/gcc/arm-none-eabi/12.3.1/../../../../arm-none-eabi/lib/thumb/v7e-m+dp/hard\libc_nano.a
LOAD C:/ST/STM32CubeIDE_1.4.0/STM32CubeIDE/plugins/com.st.stm32cube.ide.mcu.externaltools.gnu-tools-for-stm32.12.3.rel1.win32_1.0.100.202403111256/tools/bin/../lib/gcc/arm-none-eabi/12.3.1/../../../../arm-none-eabi/lib/thumb/v7e-m+dp/hard\libm.a
END GROUP
START GROUP
LOAD C:/ST/STM32CubeIDE_1.4.0/STM32CubeIDE/plugins/com.st.stm32cube.ide.mcu.externaltools.gnu-tools-for-stm32.12.3.rel1.win32_1.0.100.202403111256/tools/bin/../lib/gcc/arm-none-eabi/12.3.1/thumb/v7e-m+dp/hard\libgcc.a
LOAD C:/ST/STM32CubeIDE_1.4.0/STM32CubeIDE/plugins/com.st.stm32cube.ide.mcu.externaltools.gnu-tools-for-stm32.12.3.rel1.win32_1.0.100.202403111256/tools/bin/../lib/gcc/arm-none-eabi/12.3.1/../../../../arm-none-eabi/lib/thumb/v7e-m+dp/hard\libc_nano.a
END GROUP
START GROUP
LOAD C:/ST/STM32CubeIDE_1.4.0/STM32CubeIDE/plugins/com.st.stm32cube.ide.mcu.externaltools.gnu-tools-for-stm32.12.3.rel1.win32_1.0.100.202403111256/tools/bin/../lib/gcc/arm-none-eabi/12.3.1/thumb/v7e-m+dp/hard\libgcc.a
LOAD C:/ST/STM32CubeIDE_1.4.0/STM32CubeIDE/plugins/com.st.stm32cube.ide.mcu.externaltools.gnu-tools-for-stm32.12.3.rel1.win32_1.0.100.202403111256/tools/bin/../lib/gcc/arm-none-eabi/12.3.1/../../../../arm-none-eabi/lib/thumb/v7e-m+dp/hard\libc_nano.a
LOAD C:/ST/STM32CubeIDE_1.4.0/STM32CubeIDE/plugins/com.st.stm32cube.ide.mcu.externaltools.gnu-tools-for-stm32.12.3.rel1.win32_1.0.100.202403111256/tools/bin/../lib/gcc/arm-none-eabi/12.3.1/../../../../arm-none-eabi/lib/thumb/v7e-m+dp/hard\libnosys.a
END GROUP
START GROUP
LOAD C:/ST/STM32CubeIDE_1.4.0/STM32CubeIDE/plugins/com.st.stm32cube.ide.mcu.externaltools.gnu-tools-for-stm32.12.3.rel1.win32_1.0.100.202403111256/tools/bin/../lib/gcc/arm-none-eabi/12.3.1/thumb/v7e-m+dp/hard\libgcc.a
LOAD C:/ST/STM32CubeIDE_1.4.0/STM32CubeIDE/plugins/com.st.stm32cube.ide.mcu.externaltools.gnu-tools-for-stm32.12.3.rel1.win32_1.0.100.202403111256/tools/bin/../lib/gcc/arm-none-eabi/12.3.1/../../../../arm-none-eabi/lib/thumb/v7e-m+dp/hard\libc_nano.a
LOAD C:/ST/STM32CubeIDE_1.4.0/STM32CubeIDE/plugins/com.st.stm32cube.ide.mcu.externaltools.gnu-tools-for-stm32.12.3.rel1.win32_1.0.100.202403111256/tools/bin/../lib/gcc/arm-none-eabi/12.3.1/../../../../arm-none-eabi/lib/thumb/v7e-m+dp/hard\libnosys.a
END GROUP
LOAD C:/ST/STM32CubeIDE_1.4.0/STM32CubeIDE/plugins/com.st.stm32cube.ide.mcu.externaltools.gnu-tools-for-stm32.12.3.rel1.win32_1.0.100.202403111256/tools/bin/../lib/gcc/arm-none-eabi/12.3.1/thumb/v7e-m+dp/hard/crtend.o
LOAD C:/ST/STM32CubeIDE_1.4.0/STM32CubeIDE/plugins/com.st.stm32cube.ide.mcu.externaltools.gnu-tools-for-stm32.12.3.rel1.win32_1.0.100.202403111256/tools/bin/../lib/gcc/arm-none-eabi/12.3.1/thumb/v7e-m+dp/hard/crtn.o
                0x24100000                        _estack = (ORIGIN (RAM) + LENGTH (RAM))
                0x00000200                        _Min_Heap_Size = 0x200
                0x00000400                        _Min_Stack_Size = 0x400

.isr_vector     0x08000000      0x2ac
                0x08000000                        . = ALIGN (0x4)
 *(.isr_vector)
 .isr_vector    0x08000000      0x2ac ./Core/Startup/startup_stm32h7a3zitxq.o
                0x08000000                g_pfnVectors
                0x080002ac                        . = ALIGN (0x4)

.text           0x080002b0     0xe308
                0x080002b0                        . = ALIGN (0x4)
 *(.text)
 .text          0x080002b0       0x40 C:/ST/STM32CubeIDE_1.4.0/STM32CubeIDE/plugins/com.st.stm32cube.ide.mcu.externaltools.gnu-tools-for-stm32.12.3.rel1.win32_1.0.100.202403111256/tools/bin/../lib/gcc/arm-none-eabi/12.3.1/thumb/v7e-m+dp/hard/crtbegin.o
 .text          0x080002f0       0x30 C:/ST/STM32CubeIDE_1.4.0/STM32CubeIDE/plugins/com.st.stm32cube.ide.mcu.externaltools.gnu-tools-for-stm32.12.3.rel1.win32_1.0.100.202403111256/tools/bin/../lib/gcc/arm-none-eabi/12.3.1/thumb/v7e-m+dp/hard\libgcc.a(_aeabi_uldivmod.o)
                0x080002f0                __aeabi_uldivmod
 .text          0x08000320      0x2bc C:/ST/STM32CubeIDE_1.4.0/STM32CubeIDE/plugins/com.st.stm32cube.ide.mcu.externaltools.gnu-tools-for-stm32.12.3.rel1.win32_1.0.100.202403111256/tools/bin/../lib/gcc/arm-none-eabi/12.3.1/thumb/v7e-m+dp/hard\libgcc.a(_udivmoddi4.o)
                0x08000320                __udivmoddi4
 .text          0x080005dc        0x4 C:/ST/STM32CubeIDE_1.4.0/STM32CubeIDE/plugins/com.st.stm32cube.ide.mcu.externaltools.gnu-tools-for-stm32.12.3.rel1.win32_1.0.100.202403111256/tools/bin/../lib/gcc/arm-none-eabi/12.3.1/thumb/v7e-m+dp/hard\libgcc.a(_dvmd_tls.o)
                0x080005dc                __aeabi_idiv0
                0x080005dc                __aeabi_ldiv0
 *(.text*)
 .text.main     0x080005e0      0x210 ./Core/Src/main.o
                0x080005e0                main
 .text.SystemClock_Config
                0x080007f0      0x184 ./Core/Src/main.o
                0x080007f0                SystemClock_Config
 .text.PeriphCommonClock_Config
                0x08000974       0x60 ./Core/Src/main.o
                0x08000974                PeriphCommonClock_Config
 .text.MX_ADC1_Init
                0x080009d4       0xfc ./Core/Src/main.o
 .text.MX_ADC2_Init
                0x08000ad0       0xc0 ./Core/Src/main.o
 .text.MX_TIM2_Init
                0x08000b90       0x9c ./Core/Src/main.o
 .text.MX_USART3_UART_Init
                0x08000c2c       0x98 ./Core/Src/main.o
 .text.MX_DMA_Init
                0x08000cc4       0x40 ./Core/Src/main.o
 .text.MX_GPIO_Init
                0x08000d04      0x10c ./Core/Src/main.o
 .text.HAL_ADC_ConvHalfCpltCallback
                0x08000e10       0x90 ./Core/Src/main.o
                0x08000e10                HAL_ADC_ConvHalfCpltCallback
 .text.HAL_ADC_ConvCpltCallback
                0x08000ea0       0xa0 ./Core/Src/main.o
                0x08000ea0                HAL_ADC_ConvCpltCallback
 .text.demodulate
                0x08000f40       0xc8 ./Core/Src/main.o
                0x08000f40                demodulate
 .text.costas_loop
                0x08001008      0x2c0 ./Core/Src/main.o
                0x08001008                costas_loop
 .text.find_packet
                0x080012c8      0x1ac ./Core/Src/main.o
                0x080012c8                find_packet
 .text.MPU_Config
                0x08001474       0x58 ./Core/Src/main.o
 .text.Error_Handler
                0x080014cc        0xc ./Core/Src/main.o
                0x080014cc                Error_Handler
 .text.normalize
                0x080014d8      0x12c ./Core/Src/receiver.o
                0x080014d8                normalize
 *fill*         0x08001604        0x4 
 .text.timing_recovery
                0x08001608      0x278 ./Core/Src/receiver.o
                0x08001608                timing_recovery
 .text.wrap_to_pi
                0x08001880       0x78 ./Core/Src/receiver.o
                0x08001880                wrap_to_pi
 .text.HAL_MspInit
                0x080018f8       0x34 ./Core/Src/stm32h7xx_hal_msp.o
                0x080018f8                HAL_MspInit
 .text.HAL_ADC_MspInit
                0x0800192c      0x1a0 ./Core/Src/stm32h7xx_hal_msp.o
                0x0800192c                HAL_ADC_MspInit
 .text.HAL_TIM_Base_MspInit
                0x08001acc       0x40 ./Core/Src/stm32h7xx_hal_msp.o
                0x08001acc                HAL_TIM_Base_MspInit
 .text.HAL_UART_MspInit
                0x08001b0c       0xe4 ./Core/Src/stm32h7xx_hal_msp.o
                0x08001b0c                HAL_UART_MspInit
 .text.NMI_Handler
                0x08001bf0        0x8 ./Core/Src/stm32h7xx_it.o
                0x08001bf0                NMI_Handler
 .text.HardFault_Handler
                0x08001bf8        0x8 ./Core/Src/stm32h7xx_it.o
                0x08001bf8                HardFault_Handler
 .text.MemManage_Handler
                0x08001c00        0x8 ./Core/Src/stm32h7xx_it.o
                0x08001c00                MemManage_Handler
 .text.BusFault_Handler
                0x08001c08        0x8 ./Core/Src/stm32h7xx_it.o
                0x08001c08                BusFault_Handler
 .text.UsageFault_Handler
                0x08001c10        0x8 ./Core/Src/stm32h7xx_it.o
                0x08001c10                UsageFault_Handler
 .text.SVC_Handler
                0x08001c18        0xe ./Core/Src/stm32h7xx_it.o
                0x08001c18                SVC_Handler
 .text.DebugMon_Handler
                0x08001c26        0xe ./Core/Src/stm32h7xx_it.o
                0x08001c26                DebugMon_Handler
 .text.PendSV_Handler
                0x08001c34        0xe ./Core/Src/stm32h7xx_it.o
                0x08001c34                PendSV_Handler
 .text.SysTick_Handler
                0x08001c42        0xc ./Core/Src/stm32h7xx_it.o
                0x08001c42                SysTick_Handler
 *fill*         0x08001c4e        0x2 
 .text.DMA1_Stream0_IRQHandler
                0x08001c50       0x14 ./Core/Src/stm32h7xx_it.o
                0x08001c50                DMA1_Stream0_IRQHandler
 .text.ADC_IRQHandler
                0x08001c64       0x1c ./Core/Src/stm32h7xx_it.o
                0x08001c64                ADC_IRQHandler
 .text.USART3_IRQHandler
                0x08001c80       0x14 ./Core/Src/stm32h7xx_it.o
                0x08001c80                USART3_IRQHandler
 .text.SystemInit
                0x08001c94       0xf0 ./Core/Src/system_stm32h7xx.o
                0x08001c94                SystemInit
 .text.Reset_Handler
                0x08001d84       0x50 ./Core/Startup/startup_stm32h7a3zitxq.o
                0x08001d84                Reset_Handler
 .text.Default_Handler
                0x08001dd4        0x2 ./Core/Startup/startup_stm32h7a3zitxq.o
                0x08001dd4                RTC_Alarm_IRQHandler
                0x08001dd4                EXTI2_IRQHandler
                0x08001dd4                TIM8_CC_IRQHandler
                0x08001dd4                UART8_IRQHandler
                0x08001dd4                BDMA2_Channel1_IRQHandler
                0x08001dd4                SPI4_IRQHandler
                0x08001dd4                BDMA2_Channel0_IRQHandler
                0x08001dd4                TIM1_CC_IRQHandler
                0x08001dd4                DMA2_Stream5_IRQHandler
                0x08001dd4                JPEG_IRQHandler
                0x08001dd4                DMA1_Stream5_IRQHandler
                0x08001dd4                EXTI3_IRQHandler
                0x08001dd4                LPTIM4_IRQHandler
                0x08001dd4                TIM8_TRG_COM_TIM14_IRQHandler
                0x08001dd4                LPTIM2_IRQHandler
                0x08001dd4                DFSDM1_FLT1_IRQHandler
                0x08001dd4                DMAMUX2_OVR_IRQHandler
                0x08001dd4                GFXMMU_IRQHandler
                0x08001dd4                TIM8_UP_TIM13_IRQHandler
                0x08001dd4                I2C3_ER_IRQHandler
                0x08001dd4                DFSDM1_FLT2_IRQHandler
                0x08001dd4                USART10_IRQHandler
                0x08001dd4                MDMA_IRQHandler
                0x08001dd4                LPTIM3_IRQHandler
                0x08001dd4                BDMA2_Channel3_IRQHandler
                0x08001dd4                HSEM1_IRQHandler
                0x08001dd4                EXTI0_IRQHandler
                0x08001dd4                I2C2_EV_IRQHandler
                0x08001dd4                DAC2_IRQHandler
                0x08001dd4                DMA1_Stream2_IRQHandler
                0x08001dd4                FPU_IRQHandler
                0x08001dd4                OTG_HS_WKUP_IRQHandler
                0x08001dd4                FDCAN1_IT1_IRQHandler
                0x08001dd4                LTDC_ER_IRQHandler
                0x08001dd4                DMA2_Stream2_IRQHandler
                0x08001dd4                SPI1_IRQHandler
                0x08001dd4                OCTOSPI1_IRQHandler
                0x08001dd4                TIM6_DAC_IRQHandler
                0x08001dd4                BDMA2_Channel6_IRQHandler
                0x08001dd4                DMA2_Stream3_IRQHandler
                0x08001dd4                OCTOSPI2_IRQHandler
                0x08001dd4                SAI2_IRQHandler
                0x08001dd4                BDMA1_IRQHandler
                0x08001dd4                DFSDM1_FLT3_IRQHandler
                0x08001dd4                USART6_IRQHandler
                0x08001dd4                TIM17_IRQHandler
                0x08001dd4                LPTIM5_IRQHandler
                0x08001dd4                UART5_IRQHandler
                0x08001dd4                DMA2_Stream0_IRQHandler
                0x08001dd4                TIM4_IRQHandler
                0x08001dd4                I2C1_EV_IRQHandler
                0x08001dd4                DMA1_Stream6_IRQHandler
                0x08001dd4                DMAMUX1_OVR_IRQHandler
                0x08001dd4                DMA1_Stream1_IRQHandler
                0x08001dd4                TIM16_IRQHandler
                0x08001dd4                UART4_IRQHandler
                0x08001dd4                TIM3_IRQHandler
                0x08001dd4                RCC_IRQHandler
                0x08001dd4                UART9_IRQHandler
                0x08001dd4                TIM8_BRK_TIM12_IRQHandler
                0x08001dd4                TIM1_TRG_COM_IRQHandler
                0x08001dd4                Default_Handler
                0x08001dd4                ECC_IRQHandler
                0x08001dd4                BDMA2_Channel2_IRQHandler
                0x08001dd4                CEC_IRQHandler
                0x08001dd4                EXTI15_10_IRQHandler
                0x08001dd4                DFSDM1_FLT4_IRQHandler
                0x08001dd4                DMA1_Stream7_IRQHandler
                0x08001dd4                SPI5_IRQHandler
                0x08001dd4                TIM7_IRQHandler
                0x08001dd4                SDMMC1_IRQHandler
                0x08001dd4                TIM5_IRQHandler
                0x08001dd4                DMA2_Stream7_IRQHandler
                0x08001dd4                TIM15_IRQHandler
                0x08001dd4                I2C3_EV_IRQHandler
                0x08001dd4                DFSDM2_IRQHandler
                0x08001dd4                EXTI9_5_IRQHandler
                0x08001dd4                RTC_WKUP_IRQHandler
                0x08001dd4                LTDC_IRQHandler
                0x08001dd4                SPDIF_RX_IRQHandler
                0x08001dd4                PVD_PVM_IRQHandler
                0x08001dd4                SPI2_IRQHandler
                0x08001dd4                OTG_HS_EP1_IN_IRQHandler
                0x08001dd4                DFSDM1_FLT5_IRQHandler
                0x08001dd4                CRS_IRQHandler
                0x08001dd4                EXTI4_IRQHandler
                0x08001dd4                DFSDM1_FLT6_IRQHandler
                0x08001dd4                RNG_IRQHandler
                0x08001dd4                FDCAN2_IT1_IRQHandler
                0x08001dd4                COMP_IRQHandler
                0x08001dd4                TIM1_UP_IRQHandler
                0x08001dd4                OTG_HS_EP1_OUT_IRQHandler
                0x08001dd4                WWDG_IRQHandler
                0x08001dd4                SPI6_IRQHandler
                0x08001dd4                MDIOS_IRQHandler
                0x08001dd4                I2C4_EV_IRQHandler
                0x08001dd4                FDCAN2_IT0_IRQHandler
                0x08001dd4                LPUART1_IRQHandler
                0x08001dd4                FDCAN1_IT0_IRQHandler
                0x08001dd4                TIM2_IRQHandler
                0x08001dd4                BDMA2_Channel5_IRQHandler
                0x08001dd4                OTG_HS_IRQHandler
                0x08001dd4                DMA2D_IRQHandler
                0x08001dd4                TIM1_BRK_IRQHandler
                0x08001dd4                EXTI1_IRQHandler
                0x08001dd4                SDMMC2_IRQHandler
                0x08001dd4                DTS_IRQHandler
                0x08001dd4                UART7_IRQHandler
                0x08001dd4                MDIOS_WKUP_IRQHandler
                0x08001dd4                USART2_IRQHandler
                0x08001dd4                DFSDM1_FLT0_IRQHandler
                0x08001dd4                I2C2_ER_IRQHandler
                0x08001dd4                DMA2_Stream1_IRQHandler
                0x08001dd4                DFSDM1_FLT7_IRQHandler
                0x08001dd4                FLASH_IRQHandler
                0x08001dd4                DMA2_Stream4_IRQHandler
                0x08001dd4                USART1_IRQHandler
                0x08001dd4                SPI3_IRQHandler
                0x08001dd4                WAKEUP_PIN_IRQHandler
                0x08001dd4                DMA1_Stream4_IRQHandler
                0x08001dd4                I2C1_ER_IRQHandler
                0x08001dd4                FMC_IRQHandler
                0x08001dd4                BDMA2_Channel7_IRQHandler
                0x08001dd4                FDCAN_CAL_IRQHandler
                0x08001dd4                SWPMI1_IRQHandler
                0x08001dd4                LPTIM1_IRQHandler
                0x08001dd4                DCMI_PSSI_IRQHandler
                0x08001dd4                I2C4_ER_IRQHandler
                0x08001dd4                DMA2_Stream6_IRQHandler
                0x08001dd4                SAI1_IRQHandler
                0x08001dd4                DMA1_Stream3_IRQHandler
                0x08001dd4                RTC_TAMP_STAMP_CSS_LSE_IRQHandler
                0x08001dd4                BDMA2_Channel4_IRQHandler
 *fill*         0x08001dd6        0x2 
 .text.HAL_Init
                0x08001dd8       0x78 ./Drivers/STM32H7xx_HAL_Driver/Src/stm32h7xx_hal.o
                0x08001dd8                HAL_Init
 .text.HAL_InitTick
                0x08001e50       0x6c ./Drivers/STM32H7xx_HAL_Driver/Src/stm32h7xx_hal.o
                0x08001e50                HAL_InitTick
 .text.HAL_IncTick
                0x08001ebc       0x28 ./Drivers/STM32H7xx_HAL_Driver/Src/stm32h7xx_hal.o
                0x08001ebc                HAL_IncTick
 .text.HAL_GetTick
                0x08001ee4       0x18 ./Drivers/STM32H7xx_HAL_Driver/Src/stm32h7xx_hal.o
                0x08001ee4                HAL_GetTick
 .text.HAL_GetREVID
                0x08001efc       0x18 ./Drivers/STM32H7xx_HAL_Driver/Src/stm32h7xx_hal.o
                0x08001efc                HAL_GetREVID
 .text.LL_ADC_SetCommonClock
                0x08001f14       0x26 ./Drivers/STM32H7xx_HAL_Driver/Src/stm32h7xx_hal_adc.o
 .text.LL_ADC_SetCommonPathInternalCh
                0x08001f3a       0x26 ./Drivers/STM32H7xx_HAL_Driver/Src/stm32h7xx_hal_adc.o
 .text.LL_ADC_GetCommonPathInternalCh
                0x08001f60       0x1c ./Drivers/STM32H7xx_HAL_Driver/Src/stm32h7xx_hal_adc.o
 .text.LL_ADC_SetOffset
                0x08001f7c       0x40 ./Drivers/STM32H7xx_HAL_Driver/Src/stm32h7xx_hal_adc.o
 .text.LL_ADC_SetDataRightShift
                0x08001fbc       0x32 ./Drivers/STM32H7xx_HAL_Driver/Src/stm32h7xx_hal_adc.o
 .text.LL_ADC_SetOffsetSignedSaturation
                0x08001fee       0x36 ./Drivers/STM32H7xx_HAL_Driver/Src/stm32h7xx_hal_adc.o
 .text.LL_ADC_REG_IsTriggerSourceSWStart
                0x08002024       0x26 ./Drivers/STM32H7xx_HAL_Driver/Src/stm32h7xx_hal_adc.o
 .text.LL_ADC_REG_SetSequencerRanks
                0x0800204a       0x58 ./Drivers/STM32H7xx_HAL_Driver/Src/stm32h7xx_hal_adc.o
 .text.LL_ADC_INJ_IsTriggerSourceSWStart
                0x080020a2       0x26 ./Drivers/STM32H7xx_HAL_Driver/Src/stm32h7xx_hal_adc.o
 .text.LL_ADC_SetChannelSamplingTime
                0x080020c8       0x56 ./Drivers/STM32H7xx_HAL_Driver/Src/stm32h7xx_hal_adc.o
 *fill*         0x0800211e        0x2 
 .text.LL_ADC_SetChannelSingleDiff
                0x08002120       0x48 ./Drivers/STM32H7xx_HAL_Driver/Src/stm32h7xx_hal_adc.o
 .text.LL_ADC_GetMultimode
                0x08002168       0x1c ./Drivers/STM32H7xx_HAL_Driver/Src/stm32h7xx_hal_adc.o
 .text.LL_ADC_GetMultiDMATransfer
                0x08002184       0x1c ./Drivers/STM32H7xx_HAL_Driver/Src/stm32h7xx_hal_adc.o
 .text.LL_ADC_DisableDeepPowerDown
                0x080021a0       0x24 ./Drivers/STM32H7xx_HAL_Driver/Src/stm32h7xx_hal_adc.o
 .text.LL_ADC_IsDeepPowerDownEnabled
                0x080021c4       0x28 ./Drivers/STM32H7xx_HAL_Driver/Src/stm32h7xx_hal_adc.o
 .text.LL_ADC_EnableInternalRegulator
                0x080021ec       0x28 ./Drivers/STM32H7xx_HAL_Driver/Src/stm32h7xx_hal_adc.o
 .text.LL_ADC_IsInternalRegulatorEnabled
                0x08002214       0x28 ./Drivers/STM32H7xx_HAL_Driver/Src/stm32h7xx_hal_adc.o
 .text.LL_ADC_Enable
                0x0800223c       0x28 ./Drivers/STM32H7xx_HAL_Driver/Src/stm32h7xx_hal_adc.o
 .text.LL_ADC_IsEnabled
                0x08002264       0x26 ./Drivers/STM32H7xx_HAL_Driver/Src/stm32h7xx_hal_adc.o
 *fill*         0x0800228a        0x2 
 .text.LL_ADC_REG_StartConversion
                0x0800228c       0x28 ./Drivers/STM32H7xx_HAL_Driver/Src/stm32h7xx_hal_adc.o
 .text.LL_ADC_REG_IsConversionOngoing
                0x080022b4       0x26 ./Drivers/STM32H7xx_HAL_Driver/Src/stm32h7xx_hal_adc.o
 .text.LL_ADC_INJ_IsConversionOngoing
                0x080022da       0x26 ./Drivers/STM32H7xx_HAL_Driver/Src/stm32h7xx_hal_adc.o
 .text.HAL_ADC_Init
                0x08002300      0x2b4 ./Drivers/STM32H7xx_HAL_Driver/Src/stm32h7xx_hal_adc.o
                0x08002300                HAL_ADC_Init
 .text.HAL_ADC_Start
                0x080025b4      0x174 ./Drivers/STM32H7xx_HAL_Driver/Src/stm32h7xx_hal_adc.o
                0x080025b4                HAL_ADC_Start
 .text.HAL_ADC_IRQHandler
                0x08002728      0x434 ./Drivers/STM32H7xx_HAL_Driver/Src/stm32h7xx_hal_adc.o
                0x08002728                HAL_ADC_IRQHandler
 .text.HAL_ADC_LevelOutOfWindowCallback
                0x08002b5c       0x14 ./Drivers/STM32H7xx_HAL_Driver/Src/stm32h7xx_hal_adc.o
                0x08002b5c                HAL_ADC_LevelOutOfWindowCallback
 .text.HAL_ADC_ErrorCallback
                0x08002b70       0x14 ./Drivers/STM32H7xx_HAL_Driver/Src/stm32h7xx_hal_adc.o
                0x08002b70                HAL_ADC_ErrorCallback
 .text.HAL_ADC_ConfigChannel
                0x08002b84      0x5d4 ./Drivers/STM32H7xx_HAL_Driver/Src/stm32h7xx_hal_adc.o
                0x08002b84                HAL_ADC_ConfigChannel
 .text.ADC_Enable
                0x08003158       0xf8 ./Drivers/STM32H7xx_HAL_Driver/Src/stm32h7xx_hal_adc.o
                0x08003158                ADC_Enable
 .text.ADC_DMAConvCplt
                0x08003250       0xd8 ./Drivers/STM32H7xx_HAL_Driver/Src/stm32h7xx_hal_adc.o
                0x08003250                ADC_DMAConvCplt
 .text.ADC_DMAHalfConvCplt
                0x08003328       0x1c ./Drivers/STM32H7xx_HAL_Driver/Src/stm32h7xx_hal_adc.o
                0x08003328                ADC_DMAHalfConvCplt
 .text.ADC_DMAError
                0x08003344       0x34 ./Drivers/STM32H7xx_HAL_Driver/Src/stm32h7xx_hal_adc.o
                0x08003344                ADC_DMAError
 .text.ADC_ConfigureBoostMode
                0x08003378      0x19c ./Drivers/STM32H7xx_HAL_Driver/Src/stm32h7xx_hal_adc.o
                0x08003378                ADC_ConfigureBoostMode
 .text.LL_ADC_IsEnabled
                0x08003514       0x26 ./Drivers/STM32H7xx_HAL_Driver/Src/stm32h7xx_hal_adc_ex.o
 *fill*         0x0800353a        0x2 
 .text.LL_ADC_REG_StartConversion
                0x0800353c       0x28 ./Drivers/STM32H7xx_HAL_Driver/Src/stm32h7xx_hal_adc_ex.o
 .text.LL_ADC_REG_IsConversionOngoing
                0x08003564       0x26 ./Drivers/STM32H7xx_HAL_Driver/Src/stm32h7xx_hal_adc_ex.o
 *fill*         0x0800358a        0x2 
 .text.HAL_ADCEx_MultiModeStart_DMA
                0x0800358c      0x1a0 ./Drivers/STM32H7xx_HAL_Driver/Src/stm32h7xx_hal_adc_ex.o
                0x0800358c                HAL_ADCEx_MultiModeStart_DMA
 .text.HAL_ADCEx_InjectedConvCpltCallback
                0x0800372c       0x14 ./Drivers/STM32H7xx_HAL_Driver/Src/stm32h7xx_hal_adc_ex.o
                0x0800372c                HAL_ADCEx_InjectedConvCpltCallback
 .text.HAL_ADCEx_InjectedQueueOverflowCallback
                0x08003740       0x14 ./Drivers/STM32H7xx_HAL_Driver/Src/stm32h7xx_hal_adc_ex.o
                0x08003740                HAL_ADCEx_InjectedQueueOverflowCallback
 .text.HAL_ADCEx_LevelOutOfWindow2Callback
                0x08003754       0x14 ./Drivers/STM32H7xx_HAL_Driver/Src/stm32h7xx_hal_adc_ex.o
                0x08003754                HAL_ADCEx_LevelOutOfWindow2Callback
 .text.HAL_ADCEx_LevelOutOfWindow3Callback
                0x08003768       0x14 ./Drivers/STM32H7xx_HAL_Driver/Src/stm32h7xx_hal_adc_ex.o
                0x08003768                HAL_ADCEx_LevelOutOfWindow3Callback
 .text.HAL_ADCEx_EndOfSamplingCallback
                0x0800377c       0x14 ./Drivers/STM32H7xx_HAL_Driver/Src/stm32h7xx_hal_adc_ex.o
                0x0800377c                HAL_ADCEx_EndOfSamplingCallback
 .text.HAL_ADCEx_MultiModeConfigChannel
                0x08003790      0x138 ./Drivers/STM32H7xx_HAL_Driver/Src/stm32h7xx_hal_adc_ex.o
                0x08003790                HAL_ADCEx_MultiModeConfigChannel
 .text.__NVIC_SetPriorityGrouping
                0x080038c8       0x48 ./Drivers/STM32H7xx_HAL_Driver/Src/stm32h7xx_hal_cortex.o
 .text.__NVIC_GetPriorityGrouping
                0x08003910       0x1c ./Drivers/STM32H7xx_HAL_Driver/Src/stm32h7xx_hal_cortex.o
 .text.__NVIC_EnableIRQ
                0x0800392c       0x3c ./Drivers/STM32H7xx_HAL_Driver/Src/stm32h7xx_hal_cortex.o
 .text.__NVIC_SetPriority
                0x08003968       0x54 ./Drivers/STM32H7xx_HAL_Driver/Src/stm32h7xx_hal_cortex.o
 .text.NVIC_EncodePriority
                0x080039bc       0x66 ./Drivers/STM32H7xx_HAL_Driver/Src/stm32h7xx_hal_cortex.o
 *fill*         0x08003a22        0x2 
 .text.SysTick_Config
                0x08003a24       0x44 ./Drivers/STM32H7xx_HAL_Driver/Src/stm32h7xx_hal_cortex.o
 .text.HAL_NVIC_SetPriorityGrouping
                0x08003a68       0x16 ./Drivers/STM32H7xx_HAL_Driver/Src/stm32h7xx_hal_cortex.o
                0x08003a68                HAL_NVIC_SetPriorityGrouping
 .text.HAL_NVIC_SetPriority
                0x08003a7e       0x34 ./Drivers/STM32H7xx_HAL_Driver/Src/stm32h7xx_hal_cortex.o
                0x08003a7e                HAL_NVIC_SetPriority
 .text.HAL_NVIC_EnableIRQ
                0x08003ab2       0x1c ./Drivers/STM32H7xx_HAL_Driver/Src/stm32h7xx_hal_cortex.o
                0x08003ab2                HAL_NVIC_EnableIRQ
 .text.HAL_SYSTICK_Config
                0x08003ace       0x18 ./Drivers/STM32H7xx_HAL_Driver/Src/stm32h7xx_hal_cortex.o
                0x08003ace                HAL_SYSTICK_Config
 *fill*         0x08003ae6        0x2 
 .text.HAL_MPU_Disable
                0x08003ae8       0x30 ./Drivers/STM32H7xx_HAL_Driver/Src/stm32h7xx_hal_cortex.o
                0x08003ae8                HAL_MPU_Disable
 .text.HAL_MPU_Enable
                0x08003b18       0x40 ./Drivers/STM32H7xx_HAL_Driver/Src/stm32h7xx_hal_cortex.o
                0x08003b18                HAL_MPU_Enable
 .text.HAL_MPU_ConfigRegion
                0x08003b58       0x80 ./Drivers/STM32H7xx_HAL_Driver/Src/stm32h7xx_hal_cortex.o
                0x08003b58                HAL_MPU_ConfigRegion
 .text.HAL_DMA_Init
                0x08003bd8      0x71c ./Drivers/STM32H7xx_HAL_Driver/Src/stm32h7xx_hal_dma.o
                0x08003bd8                HAL_DMA_Init
 .text.HAL_DMA_Start_IT
                0x080042f4      0x4d4 ./Drivers/STM32H7xx_HAL_Driver/Src/stm32h7xx_hal_dma.o
                0x080042f4                HAL_DMA_Start_IT
 .text.HAL_DMA_Abort
                0x080047c8      0x63c ./Drivers/STM32H7xx_HAL_Driver/Src/stm32h7xx_hal_dma.o
                0x080047c8                HAL_DMA_Abort
 .text.HAL_DMA_Abort_IT
                0x08004e04      0x48c ./Drivers/STM32H7xx_HAL_Driver/Src/stm32h7xx_hal_dma.o
                0x08004e04                HAL_DMA_Abort_IT
 .text.HAL_DMA_IRQHandler
                0x08005290      0xec4 ./Drivers/STM32H7xx_HAL_Driver/Src/stm32h7xx_hal_dma.o
                0x08005290                HAL_DMA_IRQHandler
 .text.DMA_SetConfig
                0x08006154      0x3c8 ./Drivers/STM32H7xx_HAL_Driver/Src/stm32h7xx_hal_dma.o
 .text.DMA_CalcBaseAndBitshift
                0x0800651c      0x164 ./Drivers/STM32H7xx_HAL_Driver/Src/stm32h7xx_hal_dma.o
 .text.DMA_CheckFifoParam
                0x08006680       0xf8 ./Drivers/STM32H7xx_HAL_Driver/Src/stm32h7xx_hal_dma.o
 .text.DMA_CalcDMAMUXChannelBaseAndMask
                0x08006778      0x134 ./Drivers/STM32H7xx_HAL_Driver/Src/stm32h7xx_hal_dma.o
 .text.DMA_CalcDMAMUXRequestGenBaseAndMask
                0x080068ac       0xe8 ./Drivers/STM32H7xx_HAL_Driver/Src/stm32h7xx_hal_dma.o
 .text.HAL_GPIO_Init
                0x08006994      0x360 ./Drivers/STM32H7xx_HAL_Driver/Src/stm32h7xx_hal_gpio.o
                0x08006994                HAL_GPIO_Init
 .text.HAL_GPIO_WritePin
                0x08006cf4       0x32 ./Drivers/STM32H7xx_HAL_Driver/Src/stm32h7xx_hal_gpio.o
                0x08006cf4                HAL_GPIO_WritePin
 *fill*         0x08006d26        0x2 
 .text.HAL_PWR_EnableBkUpAccess
                0x08006d28       0x20 ./Drivers/STM32H7xx_HAL_Driver/Src/stm32h7xx_hal_pwr.o
                0x08006d28                HAL_PWR_EnableBkUpAccess
 .text.HAL_PWREx_ConfigSupply
                0x08006d48       0xb4 ./Drivers/STM32H7xx_HAL_Driver/Src/stm32h7xx_hal_pwr_ex.o
                0x08006d48                HAL_PWREx_ConfigSupply
 .text.HAL_RCC_OscConfig
                0x08006dfc      0x864 ./Drivers/STM32H7xx_HAL_Driver/Src/stm32h7xx_hal_rcc.o
                0x08006dfc                HAL_RCC_OscConfig
 .text.HAL_RCC_ClockConfig
                0x08007660      0x36c ./Drivers/STM32H7xx_HAL_Driver/Src/stm32h7xx_hal_rcc.o
                0x08007660                HAL_RCC_ClockConfig
 .text.HAL_RCC_MCOConfig
                0x080079cc       0xd4 ./Drivers/STM32H7xx_HAL_Driver/Src/stm32h7xx_hal_rcc.o
                0x080079cc                HAL_RCC_MCOConfig
 .text.HAL_RCC_GetSysClockFreq
                0x08007aa0      0x2f4 ./Drivers/STM32H7xx_HAL_Driver/Src/stm32h7xx_hal_rcc.o
                0x08007aa0                HAL_RCC_GetSysClockFreq
 .text.HAL_RCC_GetHCLKFreq
                0x08007d94       0x60 ./Drivers/STM32H7xx_HAL_Driver/Src/stm32h7xx_hal_rcc.o
                0x08007d94                HAL_RCC_GetHCLKFreq
 .text.HAL_RCC_GetPCLK1Freq
                0x08007df4       0x2c ./Drivers/STM32H7xx_HAL_Driver/Src/stm32h7xx_hal_rcc.o
                0x08007df4                HAL_RCC_GetPCLK1Freq
 .text.HAL_RCC_GetPCLK2Freq
                0x08007e20       0x2c ./Drivers/STM32H7xx_HAL_Driver/Src/stm32h7xx_hal_rcc.o
                0x08007e20                HAL_RCC_GetPCLK2Freq
 .text.HAL_RCCEx_PeriphCLKConfig
                0x08007e4c     0x137c ./Drivers/STM32H7xx_HAL_Driver/Src/stm32h7xx_hal_rcc_ex.o
                0x08007e4c                HAL_RCCEx_PeriphCLKConfig
 .text.HAL_RCCEx_GetPeriphCLKFreq
                0x080091c8      0x9b0 ./Drivers/STM32H7xx_HAL_Driver/Src/stm32h7xx_hal_rcc_ex.o
                0x080091c8                HAL_RCCEx_GetPeriphCLKFreq
 .text.HAL_RCCEx_GetD3PCLK1Freq
                0x08009b78       0x2c ./Drivers/STM32H7xx_HAL_Driver/Src/stm32h7xx_hal_rcc_ex.o
                0x08009b78                HAL_RCCEx_GetD3PCLK1Freq
 .text.HAL_RCCEx_GetPLL2ClockFreq
                0x08009ba4      0x2a8 ./Drivers/STM32H7xx_HAL_Driver/Src/stm32h7xx_hal_rcc_ex.o
                0x08009ba4                HAL_RCCEx_GetPLL2ClockFreq
 .text.HAL_RCCEx_GetPLL3ClockFreq
                0x08009e4c      0x2a8 ./Drivers/STM32H7xx_HAL_Driver/Src/stm32h7xx_hal_rcc_ex.o
                0x08009e4c                HAL_RCCEx_GetPLL3ClockFreq
 .text.HAL_RCCEx_GetPLL1ClockFreq
                0x0800a0f4      0x2a4 ./Drivers/STM32H7xx_HAL_Driver/Src/stm32h7xx_hal_rcc_ex.o
                0x0800a0f4                HAL_RCCEx_GetPLL1ClockFreq
 .text.HAL_RCCEx_CRSConfig
                0x0800a398       0xac ./Drivers/STM32H7xx_HAL_Driver/Src/stm32h7xx_hal_rcc_ex.o
                0x0800a398                HAL_RCCEx_CRSConfig
 .text.RCCEx_PLL2_Config
                0x0800a444      0x164 ./Drivers/STM32H7xx_HAL_Driver/Src/stm32h7xx_hal_rcc_ex.o
 .text.RCCEx_PLL3_Config
                0x0800a5a8      0x164 ./Drivers/STM32H7xx_HAL_Driver/Src/stm32h7xx_hal_rcc_ex.o
 .text.HAL_TIM_Base_Init
                0x0800a70c       0xae ./Drivers/STM32H7xx_HAL_Driver/Src/stm32h7xx_hal_tim.o
                0x0800a70c                HAL_TIM_Base_Init
 *fill*         0x0800a7ba        0x2 
 .text.HAL_TIM_ConfigClockSource
                0x0800a7bc      0x1f0 ./Drivers/STM32H7xx_HAL_Driver/Src/stm32h7xx_hal_tim.o
                0x0800a7bc                HAL_TIM_ConfigClockSource
 .text.TIM_Base_SetConfig
                0x0800a9ac      0x14c ./Drivers/STM32H7xx_HAL_Driver/Src/stm32h7xx_hal_tim.o
                0x0800a9ac                TIM_Base_SetConfig
 .text.TIM_TI1_ConfigInputStage
                0x0800aaf8       0x5e ./Drivers/STM32H7xx_HAL_Driver/Src/stm32h7xx_hal_tim.o
 .text.TIM_TI2_ConfigInputStage
                0x0800ab56       0x60 ./Drivers/STM32H7xx_HAL_Driver/Src/stm32h7xx_hal_tim.o
 *fill*         0x0800abb6        0x2 
 .text.TIM_ITRx_SetConfig
                0x0800abb8       0x3c ./Drivers/STM32H7xx_HAL_Driver/Src/stm32h7xx_hal_tim.o
 .text.TIM_ETR_SetConfig
                0x0800abf4       0x40 ./Drivers/STM32H7xx_HAL_Driver/Src/stm32h7xx_hal_tim.o
                0x0800abf4                TIM_ETR_SetConfig
 .text.HAL_TIMEx_MasterConfigSynchronization
                0x0800ac34      0x11c ./Drivers/STM32H7xx_HAL_Driver/Src/stm32h7xx_hal_tim_ex.o
                0x0800ac34                HAL_TIMEx_MasterConfigSynchronization
 .text.HAL_UART_Init
                0x0800ad50       0xa0 ./Drivers/STM32H7xx_HAL_Driver/Src/stm32h7xx_hal_uart.o
                0x0800ad50                HAL_UART_Init
 .text.HAL_UART_Transmit
                0x0800adf0      0x11c ./Drivers/STM32H7xx_HAL_Driver/Src/stm32h7xx_hal_uart.o
                0x0800adf0                HAL_UART_Transmit
 .text.HAL_UART_IRQHandler
                0x0800af0c      0x774 ./Drivers/STM32H7xx_HAL_Driver/Src/stm32h7xx_hal_uart.o
                0x0800af0c                HAL_UART_IRQHandler
 .text.HAL_UART_TxCpltCallback
                0x0800b680       0x14 ./Drivers/STM32H7xx_HAL_Driver/Src/stm32h7xx_hal_uart.o
                0x0800b680                HAL_UART_TxCpltCallback
 .text.HAL_UART_ErrorCallback
                0x0800b694       0x14 ./Drivers/STM32H7xx_HAL_Driver/Src/stm32h7xx_hal_uart.o
                0x0800b694                HAL_UART_ErrorCallback
 .text.HAL_UARTEx_RxEventCallback
                0x0800b6a8       0x18 ./Drivers/STM32H7xx_HAL_Driver/Src/stm32h7xx_hal_uart.o
                0x0800b6a8                HAL_UARTEx_RxEventCallback
 .text.UART_SetConfig
                0x0800b6c0      0xcd8 ./Drivers/STM32H7xx_HAL_Driver/Src/stm32h7xx_hal_uart.o
                0x0800b6c0                UART_SetConfig
 .text.UART_AdvFeatureConfig
                0x0800c398      0x144 ./Drivers/STM32H7xx_HAL_Driver/Src/stm32h7xx_hal_uart.o
                0x0800c398                UART_AdvFeatureConfig
 .text.UART_CheckIdleState
                0x0800c4dc      0x154 ./Drivers/STM32H7xx_HAL_Driver/Src/stm32h7xx_hal_uart.o
                0x0800c4dc                UART_CheckIdleState
 .text.UART_WaitOnFlagUntilTimeout
                0x0800c630       0xda ./Drivers/STM32H7xx_HAL_Driver/Src/stm32h7xx_hal_uart.o
                0x0800c630                UART_WaitOnFlagUntilTimeout
 *fill*         0x0800c70a        0x2 
 .text.UART_EndRxTransfer
                0x0800c70c       0xcc ./Drivers/STM32H7xx_HAL_Driver/Src/stm32h7xx_hal_uart.o
 .text.UART_DMAAbortOnError
                0x0800c7d8       0x2c ./Drivers/STM32H7xx_HAL_Driver/Src/stm32h7xx_hal_uart.o
 .text.UART_EndTransmit_IT
                0x0800c804       0x56 ./Drivers/STM32H7xx_HAL_Driver/Src/stm32h7xx_hal_uart.o
 .text.HAL_UARTEx_WakeupCallback
                0x0800c85a       0x14 ./Drivers/STM32H7xx_HAL_Driver/Src/stm32h7xx_hal_uart_ex.o
                0x0800c85a                HAL_UARTEx_WakeupCallback
 .text.HAL_UARTEx_RxFifoFullCallback
                0x0800c86e       0x14 ./Drivers/STM32H7xx_HAL_Driver/Src/stm32h7xx_hal_uart_ex.o
                0x0800c86e                HAL_UARTEx_RxFifoFullCallback
 .text.HAL_UARTEx_TxFifoEmptyCallback
                0x0800c882       0x14 ./Drivers/STM32H7xx_HAL_Driver/Src/stm32h7xx_hal_uart_ex.o
                0x0800c882                HAL_UARTEx_TxFifoEmptyCallback
 .text.HAL_UARTEx_DisableFifoMode
                0x0800c896       0x72 ./Drivers/STM32H7xx_HAL_Driver/Src/stm32h7xx_hal_uart_ex.o
                0x0800c896                HAL_UARTEx_DisableFifoMode
 .text.HAL_UARTEx_SetTxFifoThreshold
                0x0800c908       0x7c ./Drivers/STM32H7xx_HAL_Driver/Src/stm32h7xx_hal_uart_ex.o
                0x0800c908                HAL_UARTEx_SetTxFifoThreshold
 .text.HAL_UARTEx_SetRxFifoThreshold
                0x0800c984       0x7c ./Drivers/STM32H7xx_HAL_Driver/Src/stm32h7xx_hal_uart_ex.o
                0x0800c984                HAL_UARTEx_SetRxFifoThreshold
 .text.UARTEx_SetNbDataToProcess
                0x0800ca00       0x9c ./Drivers/STM32H7xx_HAL_Driver/Src/stm32h7xx_hal_uart_ex.o
 .text.arm_correlate_f32
                0x0800ca9c      0x56c C:\Users\domko\WRAP-MCU\WRAP_RX_H7\Drivers\CMSIS\Lib\GCC\libarm_cortexM4lf_math.a(arm_correlate_f32.o)
                0x0800ca9c                arm_correlate_f32
 .text.arm_conv_f32
                0x0800d008      0x534 C:\Users\domko\WRAP-MCU\WRAP_RX_H7\Drivers\CMSIS\Lib\GCC\libarm_cortexM4lf_math.a(arm_conv_f32.o)
                0x0800d008                arm_conv_f32
 .text.memset   0x0800d53c       0x10 C:/ST/STM32CubeIDE_1.4.0/STM32CubeIDE/plugins/com.st.stm32cube.ide.mcu.externaltools.gnu-tools-for-stm32.12.3.rel1.win32_1.0.100.202403111256/tools/bin/../lib/gcc/arm-none-eabi/12.3.1/../../../../arm-none-eabi/lib/thumb/v7e-m+dp/hard\libc_nano.a(libc_a-memset.o)
                0x0800d53c                memset
 .text.__errno  0x0800d54c        0xc C:/ST/STM32CubeIDE_1.4.0/STM32CubeIDE/plugins/com.st.stm32cube.ide.mcu.externaltools.gnu-tools-for-stm32.12.3.rel1.win32_1.0.100.202403111256/tools/bin/../lib/gcc/arm-none-eabi/12.3.1/../../../../arm-none-eabi/lib/thumb/v7e-m+dp/hard\libc_nano.a(libc_a-errno.o)
                0x0800d54c                __errno
 .text.__libc_init_array
                0x0800d558       0x48 C:/ST/STM32CubeIDE_1.4.0/STM32CubeIDE/plugins/com.st.stm32cube.ide.mcu.externaltools.gnu-tools-for-stm32.12.3.rel1.win32_1.0.100.202403111256/tools/bin/../lib/gcc/arm-none-eabi/12.3.1/../../../../arm-none-eabi/lib/thumb/v7e-m+dp/hard\libc_nano.a(libc_a-init.o)
                0x0800d558                __libc_init_array
 .text.copysign
                0x0800d5a0       0x22 C:/ST/STM32CubeIDE_1.4.0/STM32CubeIDE/plugins/com.st.stm32cube.ide.mcu.externaltools.gnu-tools-for-stm32.12.3.rel1.win32_1.0.100.202403111256/tools/bin/../lib/gcc/arm-none-eabi/12.3.1/../../../../arm-none-eabi/lib/thumb/v7e-m+dp/hard\libc_nano.a(libm_a-s_copysign.o)
                0x0800d5a0                copysign
 *fill*         0x0800d5c2        0x6 
 .text.remainder
                0x0800d5c8       0x40 C:/ST/STM32CubeIDE_1.4.0/STM32CubeIDE/plugins/com.st.stm32cube.ide.mcu.externaltools.gnu-tools-for-stm32.12.3.rel1.win32_1.0.100.202403111256/tools/bin/../lib/gcc/arm-none-eabi/12.3.1/../../../../arm-none-eabi/lib/thumb/v7e-m+dp/hard\libm.a(libm_a-w_remainder.o)
                0x0800d5c8                remainder
 .text.sqrt     0x0800d608       0x40 C:/ST/STM32CubeIDE_1.4.0/STM32CubeIDE/plugins/com.st.stm32cube.ide.mcu.externaltools.gnu-tools-for-stm32.12.3.rel1.win32_1.0.100.202403111256/tools/bin/../lib/gcc/arm-none-eabi/12.3.1/../../../../arm-none-eabi/lib/thumb/v7e-m+dp/hard\libm.a(libm_a-w_sqrt.o)
                0x0800d608                sqrt
 .text.cos      0x0800d648       0x98 C:/ST/STM32CubeIDE_1.4.0/STM32CubeIDE/plugins/com.st.stm32cube.ide.mcu.externaltools.gnu-tools-for-stm32.12.3.rel1.win32_1.0.100.202403111256/tools/bin/../lib/gcc/arm-none-eabi/12.3.1/../../../../arm-none-eabi/lib/thumb/v7e-m+dp/hard\libm.a(libm_a-s_cos.o)
                0x0800d648                cos
 .text.sin      0x0800d6e0       0x98 C:/ST/STM32CubeIDE_1.4.0/STM32CubeIDE/plugins/com.st.stm32cube.ide.mcu.externaltools.gnu-tools-for-stm32.12.3.rel1.win32_1.0.100.202403111256/tools/bin/../lib/gcc/arm-none-eabi/12.3.1/../../../../arm-none-eabi/lib/thumb/v7e-m+dp/hard\libm.a(libm_a-s_sin.o)
                0x0800d6e0                sin
 .text.__ieee754_sqrt
                0x0800d778        0x6 C:/ST/STM32CubeIDE_1.4.0/STM32CubeIDE/plugins/com.st.stm32cube.ide.mcu.externaltools.gnu-tools-for-stm32.12.3.rel1.win32_1.0.100.202403111256/tools/bin/../lib/gcc/arm-none-eabi/12.3.1/../../../../arm-none-eabi/lib/thumb/v7e-m+dp/hard\libm.a(libm_a-e_sqrt.o)
                0x0800d778                __ieee754_sqrt
 *fill*         0x0800d77e        0x2 
 .text.__kernel_cos
                0x0800d780       0xd0 C:/ST/STM32CubeIDE_1.4.0/STM32CubeIDE/plugins/com.st.stm32cube.ide.mcu.externaltools.gnu-tools-for-stm32.12.3.rel1.win32_1.0.100.202403111256/tools/bin/../lib/gcc/arm-none-eabi/12.3.1/../../../../arm-none-eabi/lib/thumb/v7e-m+dp/hard\libm.a(libm_a-k_cos.o)
                0x0800d780                __kernel_cos
 .text.__kernel_sin
                0x0800d850       0xb0 C:/ST/STM32CubeIDE_1.4.0/STM32CubeIDE/plugins/com.st.stm32cube.ide.mcu.externaltools.gnu-tools-for-stm32.12.3.rel1.win32_1.0.100.202403111256/tools/bin/../lib/gcc/arm-none-eabi/12.3.1/../../../../arm-none-eabi/lib/thumb/v7e-m+dp/hard\libm.a(libm_a-k_sin.o)
                0x0800d850                __kernel_sin
 .text.__ieee754_rem_pio2
                0x0800d900      0x288 C:/ST/STM32CubeIDE_1.4.0/STM32CubeIDE/plugins/com.st.stm32cube.ide.mcu.externaltools.gnu-tools-for-stm32.12.3.rel1.win32_1.0.100.202403111256/tools/bin/../lib/gcc/arm-none-eabi/12.3.1/../../../../arm-none-eabi/lib/thumb/v7e-m+dp/hard\libm.a(libm_a-e_rem_pio2.o)
                0x0800d900                __ieee754_rem_pio2
 .text.__ieee754_remainder
                0x0800db88      0x104 C:/ST/STM32CubeIDE_1.4.0/STM32CubeIDE/plugins/com.st.stm32cube.ide.mcu.externaltools.gnu-tools-for-stm32.12.3.rel1.win32_1.0.100.202403111256/tools/bin/../lib/gcc/arm-none-eabi/12.3.1/../../../../arm-none-eabi/lib/thumb/v7e-m+dp/hard\libm.a(libm_a-e_remainder.o)
                0x0800db88                __ieee754_remainder
 .text.fabs     0x0800dc8c       0x10 C:/ST/STM32CubeIDE_1.4.0/STM32CubeIDE/plugins/com.st.stm32cube.ide.mcu.externaltools.gnu-tools-for-stm32.12.3.rel1.win32_1.0.100.202403111256/tools/bin/../lib/gcc/arm-none-eabi/12.3.1/../../../../arm-none-eabi/lib/thumb/v7e-m+dp/hard\libm.a(libm_a-s_fabs.o)
                0x0800dc8c                fabs
 *fill*         0x0800dc9c        0x4 
 .text.__kernel_rem_pio2
                0x0800dca0      0x4f8 C:/ST/STM32CubeIDE_1.4.0/STM32CubeIDE/plugins/com.st.stm32cube.ide.mcu.externaltools.gnu-tools-for-stm32.12.3.rel1.win32_1.0.100.202403111256/tools/bin/../lib/gcc/arm-none-eabi/12.3.1/../../../../arm-none-eabi/lib/thumb/v7e-m+dp/hard\libm.a(libm_a-k_rem_pio2.o)
                0x0800dca0                __kernel_rem_pio2
 .text.__ieee754_fmod
                0x0800e198      0x218 C:/ST/STM32CubeIDE_1.4.0/STM32CubeIDE/plugins/com.st.stm32cube.ide.mcu.externaltools.gnu-tools-for-stm32.12.3.rel1.win32_1.0.100.202403111256/tools/bin/../lib/gcc/arm-none-eabi/12.3.1/../../../../arm-none-eabi/lib/thumb/v7e-m+dp/hard\libm.a(libm_a-e_fmod.o)
                0x0800e198                __ieee754_fmod
 .text.scalbn   0x0800e3b0       0xfc C:/ST/STM32CubeIDE_1.4.0/STM32CubeIDE/plugins/com.st.stm32cube.ide.mcu.externaltools.gnu-tools-for-stm32.12.3.rel1.win32_1.0.100.202403111256/tools/bin/../lib/gcc/arm-none-eabi/12.3.1/../../../../arm-none-eabi/lib/thumb/v7e-m+dp/hard\libm.a(libm_a-s_scalbn.o)
                0x0800e3b0                scalbn
 *fill*         0x0800e4ac        0x4 
 .text.floor    0x0800e4b0       0xf0 C:/ST/STM32CubeIDE_1.4.0/STM32CubeIDE/plugins/com.st.stm32cube.ide.mcu.externaltools.gnu-tools-for-stm32.12.3.rel1.win32_1.0.100.202403111256/tools/bin/../lib/gcc/arm-none-eabi/12.3.1/../../../../arm-none-eabi/lib/thumb/v7e-m+dp/hard\libm.a(libm_a-s_floor.o)
                0x0800e4b0                floor
 *(.glue_7)
 .glue_7        0x0800e5a0        0x0 linker stubs
 *(.glue_7t)
 .glue_7t       0x0800e5a0        0x0 linker stubs
 *(.eh_frame)
 .eh_frame      0x0800e5a0        0x0 C:/ST/STM32CubeIDE_1.4.0/STM32CubeIDE/plugins/com.st.stm32cube.ide.mcu.externaltools.gnu-tools-for-stm32.12.3.rel1.win32_1.0.100.202403111256/tools/bin/../lib/gcc/arm-none-eabi/12.3.1/thumb/v7e-m+dp/hard/crtbegin.o
 *(.init)
 .init          0x0800e5a0        0x4 C:/ST/STM32CubeIDE_1.4.0/STM32CubeIDE/plugins/com.st.stm32cube.ide.mcu.externaltools.gnu-tools-for-stm32.12.3.rel1.win32_1.0.100.202403111256/tools/bin/../lib/gcc/arm-none-eabi/12.3.1/thumb/v7e-m+dp/hard/crti.o
                0x0800e5a0                _init
 .init          0x0800e5a4        0x8 C:/ST/STM32CubeIDE_1.4.0/STM32CubeIDE/plugins/com.st.stm32cube.ide.mcu.externaltools.gnu-tools-for-stm32.12.3.rel1.win32_1.0.100.202403111256/tools/bin/../lib/gcc/arm-none-eabi/12.3.1/thumb/v7e-m+dp/hard/crtn.o
 *(.fini)
 .fini          0x0800e5ac        0x4 C:/ST/STM32CubeIDE_1.4.0/STM32CubeIDE/plugins/com.st.stm32cube.ide.mcu.externaltools.gnu-tools-for-stm32.12.3.rel1.win32_1.0.100.202403111256/tools/bin/../lib/gcc/arm-none-eabi/12.3.1/thumb/v7e-m+dp/hard/crti.o
                0x0800e5ac                _fini
 .fini          0x0800e5b0        0x8 C:/ST/STM32CubeIDE_1.4.0/STM32CubeIDE/plugins/com.st.stm32cube.ide.mcu.externaltools.gnu-tools-for-stm32.12.3.rel1.win32_1.0.100.202403111256/tools/bin/../lib/gcc/arm-none-eabi/12.3.1/thumb/v7e-m+dp/hard/crtn.o
                0x0800e5b8                        . = ALIGN (0x4)
                0x0800e5b8                        _etext = .

.vfp11_veneer   0x0800e5b8        0x0
 .vfp11_veneer  0x0800e5b8        0x0 linker stubs

.v4_bx          0x0800e5b8        0x0
 .v4_bx         0x0800e5b8        0x0 linker stubs

.iplt           0x0800e5b8        0x0
 .iplt          0x0800e5b8        0x0 C:/ST/STM32CubeIDE_1.4.0/STM32CubeIDE/plugins/com.st.stm32cube.ide.mcu.externaltools.gnu-tools-for-stm32.12.3.rel1.win32_1.0.100.202403111256/tools/bin/../lib/gcc/arm-none-eabi/12.3.1/thumb/v7e-m+dp/hard/crtbegin.o

.rodata         0x0800e5b8      0x228
                0x0800e5b8                        . = ALIGN (0x4)
 *(.rodata)
 *(.rodata*)
 .rodata.D1CorePrescTable
                0x0800e5b8       0x10 ./Core/Src/system_stm32h7xx.o
                0x0800e5b8                D1CorePrescTable
 .rodata.flagBitshiftOffset.0
                0x0800e5c8        0x8 ./Drivers/STM32H7xx_HAL_Driver/Src/stm32h7xx_hal_dma.o
 .rodata.UARTPrescTable
                0x0800e5d0       0x18 ./Drivers/STM32H7xx_HAL_Driver/Src/stm32h7xx_hal_uart.o
                0x0800e5d0                UARTPrescTable
 .rodata.numerator.1
                0x0800e5e8        0x8 ./Drivers/STM32H7xx_HAL_Driver/Src/stm32h7xx_hal_uart_ex.o
 .rodata.denominator.0
                0x0800e5f0        0x8 ./Drivers/STM32H7xx_HAL_Driver/Src/stm32h7xx_hal_uart_ex.o
 .rodata.npio2_hw
                0x0800e5f8       0x80 C:/ST/STM32CubeIDE_1.4.0/STM32CubeIDE/plugins/com.st.stm32cube.ide.mcu.externaltools.gnu-tools-for-stm32.12.3.rel1.win32_1.0.100.202403111256/tools/bin/../lib/gcc/arm-none-eabi/12.3.1/../../../../arm-none-eabi/lib/thumb/v7e-m+dp/hard\libm.a(libm_a-e_rem_pio2.o)
 .rodata.two_over_pi
                0x0800e678      0x108 C:/ST/STM32CubeIDE_1.4.0/STM32CubeIDE/plugins/com.st.stm32cube.ide.mcu.externaltools.gnu-tools-for-stm32.12.3.rel1.win32_1.0.100.202403111256/tools/bin/../lib/gcc/arm-none-eabi/12.3.1/../../../../arm-none-eabi/lib/thumb/v7e-m+dp/hard\libm.a(libm_a-e_rem_pio2.o)
 .rodata.PIo2   0x0800e780       0x40 C:/ST/STM32CubeIDE_1.4.0/STM32CubeIDE/plugins/com.st.stm32cube.ide.mcu.externaltools.gnu-tools-for-stm32.12.3.rel1.win32_1.0.100.202403111256/tools/bin/../lib/gcc/arm-none-eabi/12.3.1/../../../../arm-none-eabi/lib/thumb/v7e-m+dp/hard\libm.a(libm_a-k_rem_pio2.o)
 .rodata.init_jk
                0x0800e7c0       0x10 C:/ST/STM32CubeIDE_1.4.0/STM32CubeIDE/plugins/com.st.stm32cube.ide.mcu.externaltools.gnu-tools-for-stm32.12.3.rel1.win32_1.0.100.202403111256/tools/bin/../lib/gcc/arm-none-eabi/12.3.1/../../../../arm-none-eabi/lib/thumb/v7e-m+dp/hard\libm.a(libm_a-k_rem_pio2.o)
 .rodata.Zero   0x0800e7d0       0x10 C:/ST/STM32CubeIDE_1.4.0/STM32CubeIDE/plugins/com.st.stm32cube.ide.mcu.externaltools.gnu-tools-for-stm32.12.3.rel1.win32_1.0.100.202403111256/tools/bin/../lib/gcc/arm-none-eabi/12.3.1/../../../../arm-none-eabi/lib/thumb/v7e-m+dp/hard\libm.a(libm_a-e_fmod.o)
                0x0800e7e0                        . = ALIGN (0x4)

.ARM.extab
 *(.ARM.extab* .gnu.linkonce.armextab.*)

.ARM            0x0800e7e0        0x8
                0x0800e7e0                        __exidx_start = .
 *(.ARM.exidx*)
 .ARM.exidx     0x0800e7e0        0x8 C:/ST/STM32CubeIDE_1.4.0/STM32CubeIDE/plugins/com.st.stm32cube.ide.mcu.externaltools.gnu-tools-for-stm32.12.3.rel1.win32_1.0.100.202403111256/tools/bin/../lib/gcc/arm-none-eabi/12.3.1/thumb/v7e-m+dp/hard\libgcc.a(_udivmoddi4.o)
                0x0800e7e8                        __exidx_end = .

.preinit_array  0x0800e7e8        0x0
                0x0800e7e8                        PROVIDE (__preinit_array_start = .)
 *(.preinit_array*)
                0x0800e7e8                        PROVIDE (__preinit_array_end = .)

.init_array     0x0800e7e8        0x4
                0x0800e7e8                        PROVIDE (__init_array_start = .)
 *(SORT_BY_NAME(.init_array.*))
 *(.init_array*)
 .init_array    0x0800e7e8        0x4 C:/ST/STM32CubeIDE_1.4.0/STM32CubeIDE/plugins/com.st.stm32cube.ide.mcu.externaltools.gnu-tools-for-stm32.12.3.rel1.win32_1.0.100.202403111256/tools/bin/../lib/gcc/arm-none-eabi/12.3.1/thumb/v7e-m+dp/hard/crtbegin.o
                0x0800e7ec                        PROVIDE (__init_array_end = .)

.fini_array     0x0800e7ec        0x4
                [!provide]                        PROVIDE (__fini_array_start = .)
 *(SORT_BY_NAME(.fini_array.*))
 *(.fini_array*)
 .fini_array    0x0800e7ec        0x4 C:/ST/STM32CubeIDE_1.4.0/STM32CubeIDE/plugins/com.st.stm32cube.ide.mcu.externaltools.gnu-tools-for-stm32.12.3.rel1.win32_1.0.100.202403111256/tools/bin/../lib/gcc/arm-none-eabi/12.3.1/thumb/v7e-m+dp/hard/crtbegin.o
                [!provide]                        PROVIDE (__fini_array_end = .)
                0x0800e7f0                        _sidata = LOADADDR (.data)

.rel.dyn        0x0800e7f0        0x0
 .rel.iplt      0x0800e7f0        0x0 C:/ST/STM32CubeIDE_1.4.0/STM32CubeIDE/plugins/com.st.stm32cube.ide.mcu.externaltools.gnu-tools-for-stm32.12.3.rel1.win32_1.0.100.202403111256/tools/bin/../lib/gcc/arm-none-eabi/12.3.1/thumb/v7e-m+dp/hard/crtbegin.o

.data           0x24000000      0x4a0 load address 0x0800e7f0
                0x24000000                        . = ALIGN (0x4)
                0x24000000                        _sdata = .
 *(.data)
 *(.data*)
 .data.RRC      0x24000000      0x3ec ./Core/Src/main.o
 .data.lp       0x240003ec       0x18 ./Core/Src/main.o
 .data.key      0x24000404       0x3c ./Core/Src/main.o
 .data.SystemCoreClock
                0x24000440        0x4 ./Core/Src/system_stm32h7xx.o
                0x24000440                SystemCoreClock
 .data.SystemD2Clock
                0x24000444        0x4 ./Core/Src/system_stm32h7xx.o
                0x24000444                SystemD2Clock
 .data.uwTickPrio
                0x24000448        0x4 ./Drivers/STM32H7xx_HAL_Driver/Src/stm32h7xx_hal.o
                0x24000448                uwTickPrio
 .data.uwTickFreq
                0x2400044c        0x1 ./Drivers/STM32H7xx_HAL_Driver/Src/stm32h7xx_hal.o
                0x2400044c                uwTickFreq
 *fill*         0x2400044d        0x3 
 .data._impure_ptr
                0x24000450        0x4 C:/ST/STM32CubeIDE_1.4.0/STM32CubeIDE/plugins/com.st.stm32cube.ide.mcu.externaltools.gnu-tools-for-stm32.12.3.rel1.win32_1.0.100.202403111256/tools/bin/../lib/gcc/arm-none-eabi/12.3.1/../../../../arm-none-eabi/lib/thumb/v7e-m+dp/hard\libc_nano.a(libc_a-impure.o)
                0x24000450                _impure_ptr
 .data._impure_data
                0x24000454       0x4c C:/ST/STM32CubeIDE_1.4.0/STM32CubeIDE/plugins/com.st.stm32cube.ide.mcu.externaltools.gnu-tools-for-stm32.12.3.rel1.win32_1.0.100.202403111256/tools/bin/../lib/gcc/arm-none-eabi/12.3.1/../../../../arm-none-eabi/lib/thumb/v7e-m+dp/hard\libc_nano.a(libc_a-impure.o)
                0x24000454                _impure_data
 *(.RamFunc)
 *(.RamFunc*)
                0x240004a0                        . = ALIGN (0x4)
                0x240004a0                        _edata = .

.igot.plt       0x240004a0        0x0 load address 0x0800ec90
 .igot.plt      0x240004a0        0x0 C:/ST/STM32CubeIDE_1.4.0/STM32CubeIDE/plugins/com.st.stm32cube.ide.mcu.externaltools.gnu-tools-for-stm32.12.3.rel1.win32_1.0.100.202403111256/tools/bin/../lib/gcc/arm-none-eabi/12.3.1/thumb/v7e-m+dp/hard/crtbegin.o
                0x240004a0                        . = ALIGN (0x4)

.bss            0x240004a0    0x1aecc load address 0x0800ec90
                0x240004a0                        _sbss = .
                0x240004a0                        __bss_start__ = _sbss
 *(.bss)
 .bss           0x240004a0       0x1c C:/ST/STM32CubeIDE_1.4.0/STM32CubeIDE/plugins/com.st.stm32cube.ide.mcu.externaltools.gnu-tools-for-stm32.12.3.rel1.win32_1.0.100.202403111256/tools/bin/../lib/gcc/arm-none-eabi/12.3.1/thumb/v7e-m+dp/hard/crtbegin.o
 *(.bss*)
 .bss.hadc1     0x240004bc       0x64 ./Core/Src/main.o
                0x240004bc                hadc1
 .bss.hadc2     0x24000520       0x64 ./Core/Src/main.o
                0x24000520                hadc2
 .bss.hdma_adc1
                0x24000584       0x78 ./Core/Src/main.o
                0x24000584                hdma_adc1
 .bss.htim2     0x240005fc       0x4c ./Core/Src/main.o
                0x240005fc                htim2
 .bss.huart3    0x24000648       0x94 ./Core/Src/main.o
                0x24000648                huart3
 .bss.adc_buf   0x240006dc     0x4650 ./Core/Src/main.o
                0x240006dc                adc_buf
 .bss.buffer_1  0x24004d2c     0x2328 ./Core/Src/main.o
                0x24004d2c                buffer_1
 .bss.buffer_2  0x24007054     0x2328 ./Core/Src/main.o
                0x24007054                buffer_2
 .bss.temp_symbs
                0x2400937c       0xb8 ./Core/Src/main.o
                0x2400937c                temp_symbs
 .bss.symbol_buffer
                0x24009434       0xb4 ./Core/Src/main.o
                0x24009434                symbol_buffer
 .bss.bits      0x240094e8        0x8 ./Core/Src/main.o
                0x240094e8                bits
 .bss.buff_flag_1
                0x240094f0        0x1 ./Core/Src/main.o
                0x240094f0                buff_flag_1
 .bss.buff_flag_2
                0x240094f1        0x1 ./Core/Src/main.o
                0x240094f1                buff_flag_2
 .bss.buff_process
                0x240094f2        0x1 ./Core/Src/main.o
                0x240094f2                buff_process
 *fill*         0x240094f3        0x1 
 .bss.start     0x240094f4        0x4 ./Core/Src/main.o
                0x240094f4                start
 .bss.end       0x240094f8        0x4 ./Core/Src/main.o
                0x240094f8                end
 .bss.num_symbs
                0x240094fc        0x4 ./Core/Src/main.o
                0x240094fc                num_symbs
 .bss.total_symbs
                0x24009500        0x4 ./Core/Src/main.o
                0x24009500                total_symbs
 .bss.t_str     0x24009504        0x1 ./Core/Src/main.o
                0x24009504                t_str
 *fill*         0x24009505        0x3 
 .bss.norm_samples
                0x24009508     0x4650 ./Core/Src/main.o
                0x24009508                norm_samples
 .bss.samples_d
                0x2400db58     0x4650 ./Core/Src/main.o
                0x2400db58                samples_d
 .bss.filtered_samps
                0x240121a8     0x4a38 ./Core/Src/main.o
                0x240121a8                filtered_samps
 .bss.zc        0x24016be0     0x464c ./Core/Src/receiver.o
                0x24016be0                zc
 .bss.HAL_RCC_ADC12_CLK_ENABLED
                0x2401b22c        0x4 ./Core/Src/stm32h7xx_hal_msp.o
 .bss.uwTick    0x2401b230        0x4 ./Drivers/STM32H7xx_HAL_Driver/Src/stm32h7xx_hal.o
                0x2401b230                uwTick
 .bss.__sf      0x2401b234      0x138 C:/ST/STM32CubeIDE_1.4.0/STM32CubeIDE/plugins/com.st.stm32cube.ide.mcu.externaltools.gnu-tools-for-stm32.12.3.rel1.win32_1.0.100.202403111256/tools/bin/../lib/gcc/arm-none-eabi/12.3.1/../../../../arm-none-eabi/lib/thumb/v7e-m+dp/hard\libc_nano.a(libc_a-findfp.o)
                0x2401b234                __sf
 *(COMMON)
                0x2401b36c                        . = ALIGN (0x4)
                0x2401b36c                        _ebss = .
                0x2401b36c                        __bss_end__ = _ebss

._user_heap_stack
                0x2401b36c      0x604 load address 0x0800ec90
                0x2401b370                        . = ALIGN (0x8)
 *fill*         0x2401b36c        0x4 
                [!provide]                        PROVIDE (end = .)
                0x2401b370                        PROVIDE (_end = .)
                0x2401b570                        . = (. + _Min_Heap_Size)
 *fill*         0x2401b370      0x200 
                0x2401b970                        . = (. + _Min_Stack_Size)
 *fill*         0x2401b570      0x400 
                0x2401b970                        . = ALIGN (0x8)

/DISCARD/
 libc.a(*)
 libm.a(*)
 libgcc.a(*)

.ARM.attributes
                0x00000000       0x2e
 *(.ARM.attributes)
 .ARM.attributes
                0x00000000       0x20 C:/ST/STM32CubeIDE_1.4.0/STM32CubeIDE/plugins/com.st.stm32cube.ide.mcu.externaltools.gnu-tools-for-stm32.12.3.rel1.win32_1.0.100.202403111256/tools/bin/../lib/gcc/arm-none-eabi/12.3.1/thumb/v7e-m+dp/hard/crti.o
 .ARM.attributes
                0x00000020       0x32 C:/ST/STM32CubeIDE_1.4.0/STM32CubeIDE/plugins/com.st.stm32cube.ide.mcu.externaltools.gnu-tools-for-stm32.12.3.rel1.win32_1.0.100.202403111256/tools/bin/../lib/gcc/arm-none-eabi/12.3.1/thumb/v7e-m+dp/hard/crtbegin.o
 .ARM.attributes
                0x00000052       0x32 ./Core/Src/main.o
 .ARM.attributes
                0x00000084       0x32 ./Core/Src/receiver.o
 .ARM.attributes
                0x000000b6       0x32 ./Core/Src/stm32h7xx_hal_msp.o
 .ARM.attributes
                0x000000e8       0x32 ./Core/Src/stm32h7xx_it.o
 .ARM.attributes
                0x0000011a       0x32 ./Core/Src/system_stm32h7xx.o
 .ARM.attributes
                0x0000014c       0x21 ./Core/Startup/startup_stm32h7a3zitxq.o
 .ARM.attributes
                0x0000016d       0x32 ./Drivers/STM32H7xx_HAL_Driver/Src/stm32h7xx_hal.o
 .ARM.attributes
                0x0000019f       0x32 ./Drivers/STM32H7xx_HAL_Driver/Src/stm32h7xx_hal_adc.o
 .ARM.attributes
                0x000001d1       0x32 ./Drivers/STM32H7xx_HAL_Driver/Src/stm32h7xx_hal_adc_ex.o
 .ARM.attributes
                0x00000203       0x32 ./Drivers/STM32H7xx_HAL_Driver/Src/stm32h7xx_hal_cortex.o
 .ARM.attributes
                0x00000235       0x32 ./Drivers/STM32H7xx_HAL_Driver/Src/stm32h7xx_hal_dma.o
 .ARM.attributes
                0x00000267       0x32 ./Drivers/STM32H7xx_HAL_Driver/Src/stm32h7xx_hal_gpio.o
 .ARM.attributes
                0x00000299       0x32 ./Drivers/STM32H7xx_HAL_Driver/Src/stm32h7xx_hal_pwr.o
 .ARM.attributes
                0x000002cb       0x32 ./Drivers/STM32H7xx_HAL_Driver/Src/stm32h7xx_hal_pwr_ex.o
 .ARM.attributes
                0x000002fd       0x32 ./Drivers/STM32H7xx_HAL_Driver/Src/stm32h7xx_hal_rcc.o
 .ARM.attributes
                0x0000032f       0x32 ./Drivers/STM32H7xx_HAL_Driver/Src/stm32h7xx_hal_rcc_ex.o
 .ARM.attributes
                0x00000361       0x32 ./Drivers/STM32H7xx_HAL_Driver/Src/stm32h7xx_hal_tim.o
 .ARM.attributes
                0x00000393       0x32 ./Drivers/STM32H7xx_HAL_Driver/Src/stm32h7xx_hal_tim_ex.o
 .ARM.attributes
                0x000003c5       0x32 ./Drivers/STM32H7xx_HAL_Driver/Src/stm32h7xx_hal_uart.o
 .ARM.attributes
                0x000003f7       0x32 ./Drivers/STM32H7xx_HAL_Driver/Src/stm32h7xx_hal_uart_ex.o
 .ARM.attributes
                0x00000429       0x34 C:\Users\domko\WRAP-MCU\WRAP_RX_H7\Drivers\CMSIS\Lib\GCC\libarm_cortexM4lf_math.a(arm_correlate_f32.o)
 .ARM.attributes
                0x0000045d       0x34 C:\Users\domko\WRAP-MCU\WRAP_RX_H7\Drivers\CMSIS\Lib\GCC\libarm_cortexM4lf_math.a(arm_conv_f32.o)
 .ARM.attributes
                0x00000491       0x32 C:/ST/STM32CubeIDE_1.4.0/STM32CubeIDE/plugins/com.st.stm32cube.ide.mcu.externaltools.gnu-tools-for-stm32.12.3.rel1.win32_1.0.100.202403111256/tools/bin/../lib/gcc/arm-none-eabi/12.3.1/../../../../arm-none-eabi/lib/thumb/v7e-m+dp/hard\libc_nano.a(libc_a-findfp.o)
 .ARM.attributes
                0x000004c3       0x32 C:/ST/STM32CubeIDE_1.4.0/STM32CubeIDE/plugins/com.st.stm32cube.ide.mcu.externaltools.gnu-tools-for-stm32.12.3.rel1.win32_1.0.100.202403111256/tools/bin/../lib/gcc/arm-none-eabi/12.3.1/../../../../arm-none-eabi/lib/thumb/v7e-m+dp/hard\libc_nano.a(libc_a-memset.o)
 .ARM.attributes
                0x000004f5       0x32 C:/ST/STM32CubeIDE_1.4.0/STM32CubeIDE/plugins/com.st.stm32cube.ide.mcu.externaltools.gnu-tools-for-stm32.12.3.rel1.win32_1.0.100.202403111256/tools/bin/../lib/gcc/arm-none-eabi/12.3.1/../../../../arm-none-eabi/lib/thumb/v7e-m+dp/hard\libc_nano.a(libc_a-impure.o)
 .ARM.attributes
                0x00000527       0x32 C:/ST/STM32CubeIDE_1.4.0/STM32CubeIDE/plugins/com.st.stm32cube.ide.mcu.externaltools.gnu-tools-for-stm32.12.3.rel1.win32_1.0.100.202403111256/tools/bin/../lib/gcc/arm-none-eabi/12.3.1/../../../../arm-none-eabi/lib/thumb/v7e-m+dp/hard\libc_nano.a(libc_a-errno.o)
 .ARM.attributes
                0x00000559       0x32 C:/ST/STM32CubeIDE_1.4.0/STM32CubeIDE/plugins/com.st.stm32cube.ide.mcu.externaltools.gnu-tools-for-stm32.12.3.rel1.win32_1.0.100.202403111256/tools/bin/../lib/gcc/arm-none-eabi/12.3.1/../../../../arm-none-eabi/lib/thumb/v7e-m+dp/hard\libc_nano.a(libc_a-init.o)
 .ARM.attributes
                0x0000058b       0x32 C:/ST/STM32CubeIDE_1.4.0/STM32CubeIDE/plugins/com.st.stm32cube.ide.mcu.externaltools.gnu-tools-for-stm32.12.3.rel1.win32_1.0.100.202403111256/tools/bin/../lib/gcc/arm-none-eabi/12.3.1/../../../../arm-none-eabi/lib/thumb/v7e-m+dp/hard\libc_nano.a(libm_a-s_copysign.o)
 .ARM.attributes
                0x000005bd       0x32 C:/ST/STM32CubeIDE_1.4.0/STM32CubeIDE/plugins/com.st.stm32cube.ide.mcu.externaltools.gnu-tools-for-stm32.12.3.rel1.win32_1.0.100.202403111256/tools/bin/../lib/gcc/arm-none-eabi/12.3.1/../../../../arm-none-eabi/lib/thumb/v7e-m+dp/hard\libm.a(libm_a-w_remainder.o)
 .ARM.attributes
                0x000005ef       0x32 C:/ST/STM32CubeIDE_1.4.0/STM32CubeIDE/plugins/com.st.stm32cube.ide.mcu.externaltools.gnu-tools-for-stm32.12.3.rel1.win32_1.0.100.202403111256/tools/bin/../lib/gcc/arm-none-eabi/12.3.1/../../../../arm-none-eabi/lib/thumb/v7e-m+dp/hard\libm.a(libm_a-w_sqrt.o)
 .ARM.attributes
                0x00000621       0x32 C:/ST/STM32CubeIDE_1.4.0/STM32CubeIDE/plugins/com.st.stm32cube.ide.mcu.externaltools.gnu-tools-for-stm32.12.3.rel1.win32_1.0.100.202403111256/tools/bin/../lib/gcc/arm-none-eabi/12.3.1/../../../../arm-none-eabi/lib/thumb/v7e-m+dp/hard\libm.a(libm_a-s_cos.o)
 .ARM.attributes
                0x00000653       0x32 C:/ST/STM32CubeIDE_1.4.0/STM32CubeIDE/plugins/com.st.stm32cube.ide.mcu.externaltools.gnu-tools-for-stm32.12.3.rel1.win32_1.0.100.202403111256/tools/bin/../lib/gcc/arm-none-eabi/12.3.1/../../../../arm-none-eabi/lib/thumb/v7e-m+dp/hard\libm.a(libm_a-s_sin.o)
 .ARM.attributes
                0x00000685       0x32 C:/ST/STM32CubeIDE_1.4.0/STM32CubeIDE/plugins/com.st.stm32cube.ide.mcu.externaltools.gnu-tools-for-stm32.12.3.rel1.win32_1.0.100.202403111256/tools/bin/../lib/gcc/arm-none-eabi/12.3.1/../../../../arm-none-eabi/lib/thumb/v7e-m+dp/hard\libm.a(libm_a-e_sqrt.o)
 .ARM.attributes
                0x000006b7       0x32 C:/ST/STM32CubeIDE_1.4.0/STM32CubeIDE/plugins/com.st.stm32cube.ide.mcu.externaltools.gnu-tools-for-stm32.12.3.rel1.win32_1.0.100.202403111256/tools/bin/../lib/gcc/arm-none-eabi/12.3.1/../../../../arm-none-eabi/lib/thumb/v7e-m+dp/hard\libm.a(libm_a-k_cos.o)
 .ARM.attributes
                0x000006e9       0x32 C:/ST/STM32CubeIDE_1.4.0/STM32CubeIDE/plugins/com.st.stm32cube.ide.mcu.externaltools.gnu-tools-for-stm32.12.3.rel1.win32_1.0.100.202403111256/tools/bin/../lib/gcc/arm-none-eabi/12.3.1/../../../../arm-none-eabi/lib/thumb/v7e-m+dp/hard\libm.a(libm_a-k_sin.o)
 .ARM.attributes
                0x0000071b       0x32 C:/ST/STM32CubeIDE_1.4.0/STM32CubeIDE/plugins/com.st.stm32cube.ide.mcu.externaltools.gnu-tools-for-stm32.12.3.rel1.win32_1.0.100.202403111256/tools/bin/../lib/gcc/arm-none-eabi/12.3.1/../../../../arm-none-eabi/lib/thumb/v7e-m+dp/hard\libm.a(libm_a-e_rem_pio2.o)
 .ARM.attributes
                0x0000074d       0x32 C:/ST/STM32CubeIDE_1.4.0/STM32CubeIDE/plugins/com.st.stm32cube.ide.mcu.externaltools.gnu-tools-for-stm32.12.3.rel1.win32_1.0.100.202403111256/tools/bin/../lib/gcc/arm-none-eabi/12.3.1/../../../../arm-none-eabi/lib/thumb/v7e-m+dp/hard\libm.a(libm_a-e_remainder.o)
 .ARM.attributes
                0x0000077f       0x32 C:/ST/STM32CubeIDE_1.4.0/STM32CubeIDE/plugins/com.st.stm32cube.ide.mcu.externaltools.gnu-tools-for-stm32.12.3.rel1.win32_1.0.100.202403111256/tools/bin/../lib/gcc/arm-none-eabi/12.3.1/../../../../arm-none-eabi/lib/thumb/v7e-m+dp/hard\libm.a(libm_a-s_fabs.o)
 .ARM.attributes
                0x000007b1       0x32 C:/ST/STM32CubeIDE_1.4.0/STM32CubeIDE/plugins/com.st.stm32cube.ide.mcu.externaltools.gnu-tools-for-stm32.12.3.rel1.win32_1.0.100.202403111256/tools/bin/../lib/gcc/arm-none-eabi/12.3.1/../../../../arm-none-eabi/lib/thumb/v7e-m+dp/hard\libm.a(libm_a-k_rem_pio2.o)
 .ARM.attributes
                0x000007e3       0x32 C:/ST/STM32CubeIDE_1.4.0/STM32CubeIDE/plugins/com.st.stm32cube.ide.mcu.externaltools.gnu-tools-for-stm32.12.3.rel1.win32_1.0.100.202403111256/tools/bin/../lib/gcc/arm-none-eabi/12.3.1/../../../../arm-none-eabi/lib/thumb/v7e-m+dp/hard\libm.a(libm_a-e_fmod.o)
 .ARM.attributes
                0x00000815       0x32 C:/ST/STM32CubeIDE_1.4.0/STM32CubeIDE/plugins/com.st.stm32cube.ide.mcu.externaltools.gnu-tools-for-stm32.12.3.rel1.win32_1.0.100.202403111256/tools/bin/../lib/gcc/arm-none-eabi/12.3.1/../../../../arm-none-eabi/lib/thumb/v7e-m+dp/hard\libm.a(libm_a-s_scalbn.o)
 .ARM.attributes
                0x00000847       0x32 C:/ST/STM32CubeIDE_1.4.0/STM32CubeIDE/plugins/com.st.stm32cube.ide.mcu.externaltools.gnu-tools-for-stm32.12.3.rel1.win32_1.0.100.202403111256/tools/bin/../lib/gcc/arm-none-eabi/12.3.1/../../../../arm-none-eabi/lib/thumb/v7e-m+dp/hard\libm.a(libm_a-s_floor.o)
 .ARM.attributes
                0x00000879       0x20 C:/ST/STM32CubeIDE_1.4.0/STM32CubeIDE/plugins/com.st.stm32cube.ide.mcu.externaltools.gnu-tools-for-stm32.12.3.rel1.win32_1.0.100.202403111256/tools/bin/../lib/gcc/arm-none-eabi/12.3.1/thumb/v7e-m+dp/hard\libgcc.a(_aeabi_uldivmod.o)
 .ARM.attributes
                0x00000899       0x32 C:/ST/STM32CubeIDE_1.4.0/STM32CubeIDE/plugins/com.st.stm32cube.ide.mcu.externaltools.gnu-tools-for-stm32.12.3.rel1.win32_1.0.100.202403111256/tools/bin/../lib/gcc/arm-none-eabi/12.3.1/thumb/v7e-m+dp/hard\libgcc.a(_udivmoddi4.o)
 .ARM.attributes
                0x000008cb       0x20 C:/ST/STM32CubeIDE_1.4.0/STM32CubeIDE/plugins/com.st.stm32cube.ide.mcu.externaltools.gnu-tools-for-stm32.12.3.rel1.win32_1.0.100.202403111256/tools/bin/../lib/gcc/arm-none-eabi/12.3.1/thumb/v7e-m+dp/hard\libgcc.a(_dvmd_tls.o)
 .ARM.attributes
                0x000008eb       0x20 C:/ST/STM32CubeIDE_1.4.0/STM32CubeIDE/plugins/com.st.stm32cube.ide.mcu.externaltools.gnu-tools-for-stm32.12.3.rel1.win32_1.0.100.202403111256/tools/bin/../lib/gcc/arm-none-eabi/12.3.1/thumb/v7e-m+dp/hard/crtn.o
OUTPUT(WRAP_RX_H7.elf elf32-littlearm)
LOAD linker stubs
LOAD C:/ST/STM32CubeIDE_1.4.0/STM32CubeIDE/plugins/com.st.stm32cube.ide.mcu.externaltools.gnu-tools-for-stm32.12.3.rel1.win32_1.0.100.202403111256/tools/bin/../lib/gcc/arm-none-eabi/12.3.1/../../../../arm-none-eabi/lib/thumb/v7e-m+dp/hard\libc.a
LOAD C:/ST/STM32CubeIDE_1.4.0/STM32CubeIDE/plugins/com.st.stm32cube.ide.mcu.externaltools.gnu-tools-for-stm32.12.3.rel1.win32_1.0.100.202403111256/tools/bin/../lib/gcc/arm-none-eabi/12.3.1/../../../../arm-none-eabi/lib/thumb/v7e-m+dp/hard\libm.a
LOAD C:/ST/STM32CubeIDE_1.4.0/STM32CubeIDE/plugins/com.st.stm32cube.ide.mcu.externaltools.gnu-tools-for-stm32.12.3.rel1.win32_1.0.100.202403111256/tools/bin/../lib/gcc/arm-none-eabi/12.3.1/thumb/v7e-m+dp/hard\libgcc.a

.debug_info     0x00000000    0x1d1b7
 .debug_info    0x00000000     0x2c73 ./Core/Src/main.o
 .debug_info    0x00002c73      0x3de ./Core/Src/receiver.o
 .debug_info    0x00003051     0x1dfb ./Core/Src/stm32h7xx_hal_msp.o
 .debug_info    0x00004e4c      0xcfd ./Core/Src/stm32h7xx_it.o
 .debug_info    0x00005b49      0xc73 ./Core/Src/system_stm32h7xx.o
 .debug_info    0x000067bc       0x30 ./Core/Startup/startup_stm32h7a3zitxq.o
 .debug_info    0x000067ec     0x13f1 ./Drivers/STM32H7xx_HAL_Driver/Src/stm32h7xx_hal.o
 .debug_info    0x00007bdd     0x1df6 ./Drivers/STM32H7xx_HAL_Driver/Src/stm32h7xx_hal_adc.o
 .debug_info    0x000099d3     0x1f1d ./Drivers/STM32H7xx_HAL_Driver/Src/stm32h7xx_hal_adc_ex.o
 .debug_info    0x0000b8f0     0x108e ./Drivers/STM32H7xx_HAL_Driver/Src/stm32h7xx_hal_cortex.o
 .debug_info    0x0000c97e      0xb67 ./Drivers/STM32H7xx_HAL_Driver/Src/stm32h7xx_hal_dma.o
 .debug_info    0x0000d4e5      0xb2b ./Drivers/STM32H7xx_HAL_Driver/Src/stm32h7xx_hal_gpio.o
 .debug_info    0x0000e010      0x8fc ./Drivers/STM32H7xx_HAL_Driver/Src/stm32h7xx_hal_pwr.o
 .debug_info    0x0000e90c      0xef7 ./Drivers/STM32H7xx_HAL_Driver/Src/stm32h7xx_hal_pwr_ex.o
 .debug_info    0x0000f803      0xea1 ./Drivers/STM32H7xx_HAL_Driver/Src/stm32h7xx_hal_rcc.o
 .debug_info    0x000106a4     0x11fd ./Drivers/STM32H7xx_HAL_Driver/Src/stm32h7xx_hal_rcc_ex.o
 .debug_info    0x000118a1     0x2bae ./Drivers/STM32H7xx_HAL_Driver/Src/stm32h7xx_hal_tim.o
 .debug_info    0x0001444f     0x18c1 ./Drivers/STM32H7xx_HAL_Driver/Src/stm32h7xx_hal_tim_ex.o
 .debug_info    0x00015d10     0x4b32 ./Drivers/STM32H7xx_HAL_Driver/Src/stm32h7xx_hal_uart.o
 .debug_info    0x0001a842      0xfbf ./Drivers/STM32H7xx_HAL_Driver/Src/stm32h7xx_hal_uart_ex.o
 .debug_info    0x0001b801      0xcf5 C:\Users\domko\WRAP-MCU\WRAP_RX_H7\Drivers\CMSIS\Lib\GCC\libarm_cortexM4lf_math.a(arm_correlate_f32.o)
 .debug_info    0x0001c4f6      0xcc1 C:\Users\domko\WRAP-MCU\WRAP_RX_H7\Drivers\CMSIS\Lib\GCC\libarm_cortexM4lf_math.a(arm_conv_f32.o)

.debug_abbrev   0x00000000     0x3362
 .debug_abbrev  0x00000000      0x392 ./Core/Src/main.o
 .debug_abbrev  0x00000392      0x178 ./Core/Src/receiver.o
 .debug_abbrev  0x0000050a      0x2be ./Core/Src/stm32h7xx_hal_msp.o
 .debug_abbrev  0x000007c8      0x195 ./Core/Src/stm32h7xx_it.o
 .debug_abbrev  0x0000095d      0x14a ./Core/Src/system_stm32h7xx.o
 .debug_abbrev  0x00000aa7       0x24 ./Core/Startup/startup_stm32h7a3zitxq.o
 .debug_abbrev  0x00000acb      0x291 ./Drivers/STM32H7xx_HAL_Driver/Src/stm32h7xx_hal.o
 .debug_abbrev  0x00000d5c      0x2d3 ./Drivers/STM32H7xx_HAL_Driver/Src/stm32h7xx_hal_adc.o
 .debug_abbrev  0x0000102f      0x31b ./Drivers/STM32H7xx_HAL_Driver/Src/stm32h7xx_hal_adc_ex.o
 .debug_abbrev  0x0000134a      0x339 ./Drivers/STM32H7xx_HAL_Driver/Src/stm32h7xx_hal_cortex.o
 .debug_abbrev  0x00001683      0x248 ./Drivers/STM32H7xx_HAL_Driver/Src/stm32h7xx_hal_dma.o
 .debug_abbrev  0x000018cb      0x1fa ./Drivers/STM32H7xx_HAL_Driver/Src/stm32h7xx_hal_gpio.o
 .debug_abbrev  0x00001ac5      0x18e ./Drivers/STM32H7xx_HAL_Driver/Src/stm32h7xx_hal_pwr.o
 .debug_abbrev  0x00001c53      0x297 ./Drivers/STM32H7xx_HAL_Driver/Src/stm32h7xx_hal_pwr_ex.o
 .debug_abbrev  0x00001eea      0x2c5 ./Drivers/STM32H7xx_HAL_Driver/Src/stm32h7xx_hal_rcc.o
 .debug_abbrev  0x000021af      0x27a ./Drivers/STM32H7xx_HAL_Driver/Src/stm32h7xx_hal_rcc_ex.o
 .debug_abbrev  0x00002429      0x276 ./Drivers/STM32H7xx_HAL_Driver/Src/stm32h7xx_hal_tim.o
 .debug_abbrev  0x0000269f      0x296 ./Drivers/STM32H7xx_HAL_Driver/Src/stm32h7xx_hal_tim_ex.o
 .debug_abbrev  0x00002935      0x34e ./Drivers/STM32H7xx_HAL_Driver/Src/stm32h7xx_hal_uart.o
 .debug_abbrev  0x00002c83      0x2d2 ./Drivers/STM32H7xx_HAL_Driver/Src/stm32h7xx_hal_uart_ex.o
 .debug_abbrev  0x00002f55      0x1ff C:\Users\domko\WRAP-MCU\WRAP_RX_H7\Drivers\CMSIS\Lib\GCC\libarm_cortexM4lf_math.a(arm_correlate_f32.o)
 .debug_abbrev  0x00003154      0x20e C:\Users\domko\WRAP-MCU\WRAP_RX_H7\Drivers\CMSIS\Lib\GCC\libarm_cortexM4lf_math.a(arm_conv_f32.o)

.debug_aranges  0x00000000     0x15f0
 .debug_aranges
                0x00000000       0x98 ./Core/Src/main.o
 .debug_aranges
                0x00000098       0x30 ./Core/Src/receiver.o
 .debug_aranges
                0x000000c8       0x50 ./Core/Src/stm32h7xx_hal_msp.o
 .debug_aranges
                0x00000118       0x78 ./Core/Src/stm32h7xx_it.o
 .debug_aranges
                0x00000190       0x28 ./Core/Src/system_stm32h7xx.o
 .debug_aranges
                0x000001b8       0x28 ./Core/Startup/startup_stm32h7a3zitxq.o
 .debug_aranges
                0x000001e0      0x1a0 ./Drivers/STM32H7xx_HAL_Driver/Src/stm32h7xx_hal.o
 .debug_aranges
                0x00000380      0x228 ./Drivers/STM32H7xx_HAL_Driver/Src/stm32h7xx_hal_adc.o
 .debug_aranges
                0x000005a8      0x1d8 ./Drivers/STM32H7xx_HAL_Driver/Src/stm32h7xx_hal_adc_ex.o
 .debug_aranges
                0x00000780      0x130 ./Drivers/STM32H7xx_HAL_Driver/Src/stm32h7xx_hal_cortex.o
 .debug_aranges
                0x000008b0       0xa0 ./Drivers/STM32H7xx_HAL_Driver/Src/stm32h7xx_hal_dma.o
 .debug_aranges
                0x00000950       0x58 ./Drivers/STM32H7xx_HAL_Driver/Src/stm32h7xx_hal_gpio.o
 .debug_aranges
                0x000009a8       0xa0 ./Drivers/STM32H7xx_HAL_Driver/Src/stm32h7xx_hal_pwr.o
 .debug_aranges
                0x00000a48      0x188 ./Drivers/STM32H7xx_HAL_Driver/Src/stm32h7xx_hal_pwr_ex.o
 .debug_aranges
                0x00000bd0       0x88 ./Drivers/STM32H7xx_HAL_Driver/Src/stm32h7xx_hal_rcc.o
 .debug_aranges
                0x00000c58       0xf0 ./Drivers/STM32H7xx_HAL_Driver/Src/stm32h7xx_hal_rcc_ex.o
 .debug_aranges
                0x00000d48      0x3e0 ./Drivers/STM32H7xx_HAL_Driver/Src/stm32h7xx_hal_tim.o
 .debug_aranges
                0x00001128      0x198 ./Drivers/STM32H7xx_HAL_Driver/Src/stm32h7xx_hal_tim_ex.o
 .debug_aranges
                0x000012c0      0x248 ./Drivers/STM32H7xx_HAL_Driver/Src/stm32h7xx_hal_uart.o
 .debug_aranges
                0x00001508       0xa8 ./Drivers/STM32H7xx_HAL_Driver/Src/stm32h7xx_hal_uart_ex.o
 .debug_aranges
                0x000015b0       0x20 C:\Users\domko\WRAP-MCU\WRAP_RX_H7\Drivers\CMSIS\Lib\GCC\libarm_cortexM4lf_math.a(arm_correlate_f32.o)
 .debug_aranges
                0x000015d0       0x20 C:\Users\domko\WRAP-MCU\WRAP_RX_H7\Drivers\CMSIS\Lib\GCC\libarm_cortexM4lf_math.a(arm_conv_f32.o)

.debug_rnglists
                0x00000000     0x10f8
 .debug_rnglists
                0x00000000       0x79 ./Core/Src/main.o
 .debug_rnglists
                0x00000079       0x21 ./Core/Src/receiver.o
 .debug_rnglists
                0x0000009a       0x3a ./Core/Src/stm32h7xx_hal_msp.o
 .debug_rnglists
                0x000000d4       0x55 ./Core/Src/stm32h7xx_it.o
 .debug_rnglists
                0x00000129       0x1b ./Core/Src/system_stm32h7xx.o
 .debug_rnglists
                0x00000144       0x19 ./Core/Startup/startup_stm32h7a3zitxq.o
 .debug_rnglists
                0x0000015d      0x137 ./Drivers/STM32H7xx_HAL_Driver/Src/stm32h7xx_hal.o
 .debug_rnglists
                0x00000294      0x1a9 ./Drivers/STM32H7xx_HAL_Driver/Src/stm32h7xx_hal_adc.o
 .debug_rnglists
                0x0000043d      0x16f ./Drivers/STM32H7xx_HAL_Driver/Src/stm32h7xx_hal_adc_ex.o
 .debug_rnglists
                0x000005ac       0xe0 ./Drivers/STM32H7xx_HAL_Driver/Src/stm32h7xx_hal_cortex.o
 .debug_rnglists
                0x0000068c       0x82 ./Drivers/STM32H7xx_HAL_Driver/Src/stm32h7xx_hal_dma.o
 .debug_rnglists
                0x0000070e       0x3f ./Drivers/STM32H7xx_HAL_Driver/Src/stm32h7xx_hal_gpio.o
 .debug_rnglists
                0x0000074d       0x74 ./Drivers/STM32H7xx_HAL_Driver/Src/stm32h7xx_hal_pwr.o
 .debug_rnglists
                0x000007c1      0x127 ./Drivers/STM32H7xx_HAL_Driver/Src/stm32h7xx_hal_pwr_ex.o
 .debug_rnglists
                0x000008e8       0x68 ./Drivers/STM32H7xx_HAL_Driver/Src/stm32h7xx_hal_rcc.o
 .debug_rnglists
                0x00000950       0xba ./Drivers/STM32H7xx_HAL_Driver/Src/stm32h7xx_hal_rcc_ex.o
 .debug_rnglists
                0x00000a0a      0x328 ./Drivers/STM32H7xx_HAL_Driver/Src/stm32h7xx_hal_tim.o
 .debug_rnglists
                0x00000d32      0x14d ./Drivers/STM32H7xx_HAL_Driver/Src/stm32h7xx_hal_tim_ex.o
 .debug_rnglists
                0x00000e7f      0x1fa ./Drivers/STM32H7xx_HAL_Driver/Src/stm32h7xx_hal_uart.o
 .debug_rnglists
                0x00001079       0x7f ./Drivers/STM32H7xx_HAL_Driver/Src/stm32h7xx_hal_uart_ex.o

.debug_macro    0x00000000    0x32d1c
 .debug_macro   0x00000000      0x342 ./Core/Src/main.o
 .debug_macro   0x00000342      0xad2 ./Core/Src/main.o
 .debug_macro   0x00000e14      0x23e ./Core/Src/main.o
 .debug_macro   0x00001052       0x2e ./Core/Src/main.o
 .debug_macro   0x00001080       0x42 ./Core/Src/main.o
 .debug_macro   0x000010c2       0x22 ./Core/Src/main.o
 .debug_macro   0x000010e4       0x8e ./Core/Src/main.o
 .debug_macro   0x00001172       0x51 ./Core/Src/main.o
 .debug_macro   0x000011c3      0x103 ./Core/Src/main.o
 .debug_macro   0x000012c6       0x6a ./Core/Src/main.o
 .debug_macro   0x00001330      0x1df ./Core/Src/main.o
 .debug_macro   0x0000150f       0x1c ./Core/Src/main.o
 .debug_macro   0x0000152b       0x22 ./Core/Src/main.o
 .debug_macro   0x0000154d       0xfb ./Core/Src/main.o
 .debug_macro   0x00001648     0x1305 ./Core/Src/main.o
 .debug_macro   0x0000294d      0x11f ./Core/Src/main.o
 .debug_macro   0x00002a6c       0x27 ./Core/Src/main.o
 .debug_macro   0x00002a93    0x1e941 ./Core/Src/main.o
 .debug_macro   0x000213d4       0x6d ./Core/Src/main.o
 .debug_macro   0x00021441     0x3d80 ./Core/Src/main.o
 .debug_macro   0x000251c1      0x189 ./Core/Src/main.o
 .debug_macro   0x0002534a       0x61 ./Core/Src/main.o
 .debug_macro   0x000253ab       0x29 ./Core/Src/main.o
 .debug_macro   0x000253d4       0x43 ./Core/Src/main.o
 .debug_macro   0x00025417       0x34 ./Core/Src/main.o
 .debug_macro   0x0002544b       0x16 ./Core/Src/main.o
 .debug_macro   0x00025461       0x43 ./Core/Src/main.o
 .debug_macro   0x000254a4       0x34 ./Core/Src/main.o
 .debug_macro   0x000254d8       0x10 ./Core/Src/main.o
 .debug_macro   0x000254e8       0x58 ./Core/Src/main.o
 .debug_macro   0x00025540       0x8e ./Core/Src/main.o
 .debug_macro   0x000255ce       0x1c ./Core/Src/main.o
 .debug_macro   0x000255ea      0x177 ./Core/Src/main.o
 .debug_macro   0x00025761      0x369 ./Core/Src/main.o
 .debug_macro   0x00025aca      0x19b ./Core/Src/main.o
 .debug_macro   0x00025c65       0x5d ./Core/Src/main.o
 .debug_macro   0x00025cc2     0x24ee ./Core/Src/main.o
 .debug_macro   0x000281b0     0x103a ./Core/Src/main.o
 .debug_macro   0x000291ea      0x154 ./Core/Src/main.o
 .debug_macro   0x0002933e      0x114 ./Core/Src/main.o
 .debug_macro   0x00029452      0x3d5 ./Core/Src/main.o
 .debug_macro   0x00029827       0xac ./Core/Src/main.o
 .debug_macro   0x000298d3      0x70a ./Core/Src/main.o
 .debug_macro   0x00029fdd      0x20c ./Core/Src/main.o
 .debug_macro   0x0002a1e9       0x66 ./Core/Src/main.o
 .debug_macro   0x0002a24f      0x3c9 ./Core/Src/main.o
 .debug_macro   0x0002a618      0x3eb ./Core/Src/main.o
 .debug_macro   0x0002aa03      0x275 ./Core/Src/main.o
 .debug_macro   0x0002ac78     0x102f ./Core/Src/main.o
 .debug_macro   0x0002bca7      0x6c5 ./Core/Src/main.o
 .debug_macro   0x0002c36c      0x34b ./Core/Src/main.o
 .debug_macro   0x0002c6b7      0x6c8 ./Core/Src/main.o
 .debug_macro   0x0002cd7f      0x520 ./Core/Src/main.o
 .debug_macro   0x0002d29f       0x58 ./Core/Src/main.o
 .debug_macro   0x0002d2f7       0x4a ./Core/Src/main.o
 .debug_macro   0x0002d341      0x22c ./Core/Src/main.o
 .debug_macro   0x0002d56d       0x67 ./Core/Src/main.o
 .debug_macro   0x0002d5d4       0xa5 ./Core/Src/main.o
 .debug_macro   0x0002d679      0x1bd ./Core/Src/main.o
 .debug_macro   0x0002d836      0x2dc ./Core/Src/main.o
 .debug_macro   0x0002db12       0x35 ./Core/Src/main.o
 .debug_macro   0x0002db47      0xb24 ./Core/Src/main.o
 .debug_macro   0x0002e66b      0x29f ./Core/Src/main.o
 .debug_macro   0x0002e90a      0x693 ./Core/Src/main.o
 .debug_macro   0x0002ef9d       0xa6 ./Core/Src/main.o
 .debug_macro   0x0002f043      0x5be ./Core/Src/main.o
 .debug_macro   0x0002f601       0x4c ./Core/Src/main.o
 .debug_macro   0x0002f64d       0x16 ./Core/Src/main.o
 .debug_macro   0x0002f663       0x35 ./Core/Src/main.o
 .debug_macro   0x0002f698       0x20 ./Core/Src/main.o
 .debug_macro   0x0002f6b8      0x201 ./Core/Src/main.o
 .debug_macro   0x0002f8b9       0xc8 ./Core/Src/main.o
 .debug_macro   0x0002f981      0x12a ./Core/Src/receiver.o
 .debug_macro   0x0002faab       0x5b ./Core/Src/receiver.o
 .debug_macro   0x0002fb06       0x94 ./Core/Src/receiver.o
 .debug_macro   0x0002fb9a       0x57 ./Core/Src/receiver.o
 .debug_macro   0x0002fbf1      0x2d5 ./Core/Src/stm32h7xx_hal_msp.o
 .debug_macro   0x0002fec6      0x2df ./Core/Src/stm32h7xx_it.o
 .debug_macro   0x000301a5      0x2cb ./Core/Src/system_stm32h7xx.o
 .debug_macro   0x00030470      0x2f5 ./Drivers/STM32H7xx_HAL_Driver/Src/stm32h7xx_hal.o
 .debug_macro   0x00030765      0x2ef ./Drivers/STM32H7xx_HAL_Driver/Src/stm32h7xx_hal_adc.o
 .debug_macro   0x00030a54      0x2d7 ./Drivers/STM32H7xx_HAL_Driver/Src/stm32h7xx_hal_adc_ex.o
 .debug_macro   0x00030d2b      0x2cb ./Drivers/STM32H7xx_HAL_Driver/Src/stm32h7xx_hal_cortex.o
 .debug_macro   0x00030ff6      0x31f ./Drivers/STM32H7xx_HAL_Driver/Src/stm32h7xx_hal_dma.o
 .debug_macro   0x00031315      0x2d2 ./Drivers/STM32H7xx_HAL_Driver/Src/stm32h7xx_hal_gpio.o
 .debug_macro   0x000315e7      0x2ef ./Drivers/STM32H7xx_HAL_Driver/Src/stm32h7xx_hal_pwr.o
 .debug_macro   0x000318d6      0x304 ./Drivers/STM32H7xx_HAL_Driver/Src/stm32h7xx_hal_pwr_ex.o
 .debug_macro   0x00031bda      0x2ef ./Drivers/STM32H7xx_HAL_Driver/Src/stm32h7xx_hal_rcc.o
 .debug_macro   0x00031ec9      0x2e9 ./Drivers/STM32H7xx_HAL_Driver/Src/stm32h7xx_hal_rcc_ex.o
 .debug_macro   0x000321b2      0x2cc ./Drivers/STM32H7xx_HAL_Driver/Src/stm32h7xx_hal_tim.o
 .debug_macro   0x0003247e      0x2d1 ./Drivers/STM32H7xx_HAL_Driver/Src/stm32h7xx_hal_tim_ex.o
 .debug_macro   0x0003274f      0x2f6 ./Drivers/STM32H7xx_HAL_Driver/Src/stm32h7xx_hal_uart.o
 .debug_macro   0x00032a45      0x2d7 ./Drivers/STM32H7xx_HAL_Driver/Src/stm32h7xx_hal_uart_ex.o

.debug_line     0x00000000    0x1de21
 .debug_line    0x00000000     0x1145 ./Core/Src/main.o
 .debug_line    0x00001145      0x767 ./Core/Src/receiver.o
 .debug_line    0x000018ac      0xaab ./Core/Src/stm32h7xx_hal_msp.o
 .debug_line    0x00002357      0xa53 ./Core/Src/stm32h7xx_it.o
 .debug_line    0x00002daa      0xaf8 ./Core/Src/system_stm32h7xx.o
 .debug_line    0x000038a2       0x7a ./Core/Startup/startup_stm32h7a3zitxq.o
 .debug_line    0x0000391c      0xf05 ./Drivers/STM32H7xx_HAL_Driver/Src/stm32h7xx_hal.o
 .debug_line    0x00004821     0x2142 ./Drivers/STM32H7xx_HAL_Driver/Src/stm32h7xx_hal_adc.o
 .debug_line    0x00006963     0x1e52 ./Drivers/STM32H7xx_HAL_Driver/Src/stm32h7xx_hal_adc_ex.o
 .debug_line    0x000087b5      0xf27 ./Drivers/STM32H7xx_HAL_Driver/Src/stm32h7xx_hal_cortex.o
 .debug_line    0x000096dc     0x2988 ./Drivers/STM32H7xx_HAL_Driver/Src/stm32h7xx_hal_dma.o
 .debug_line    0x0000c064      0xdd0 ./Drivers/STM32H7xx_HAL_Driver/Src/stm32h7xx_hal_gpio.o
 .debug_line    0x0000ce34      0xb64 ./Drivers/STM32H7xx_HAL_Driver/Src/stm32h7xx_hal_pwr.o
 .debug_line    0x0000d998     0x108f ./Drivers/STM32H7xx_HAL_Driver/Src/stm32h7xx_hal_pwr_ex.o
 .debug_line    0x0000ea27     0x1453 ./Drivers/STM32H7xx_HAL_Driver/Src/stm32h7xx_hal_rcc.o
 .debug_line    0x0000fe7a     0x1cec ./Drivers/STM32H7xx_HAL_Driver/Src/stm32h7xx_hal_rcc_ex.o
 .debug_line    0x00011b66     0x408e ./Drivers/STM32H7xx_HAL_Driver/Src/stm32h7xx_hal_tim.o
 .debug_line    0x00015bf4     0x1f88 ./Drivers/STM32H7xx_HAL_Driver/Src/stm32h7xx_hal_tim_ex.o
 .debug_line    0x00017b7c     0x3fe5 ./Drivers/STM32H7xx_HAL_Driver/Src/stm32h7xx_hal_uart.o
 .debug_line    0x0001bb61      0xf96 ./Drivers/STM32H7xx_HAL_Driver/Src/stm32h7xx_hal_uart_ex.o
 .debug_line    0x0001caf7      0x9e6 C:\Users\domko\WRAP-MCU\WRAP_RX_H7\Drivers\CMSIS\Lib\GCC\libarm_cortexM4lf_math.a(arm_correlate_f32.o)
 .debug_line    0x0001d4dd      0x944 C:\Users\domko\WRAP-MCU\WRAP_RX_H7\Drivers\CMSIS\Lib\GCC\libarm_cortexM4lf_math.a(arm_conv_f32.o)

.debug_str      0x00000000   0x154a54
 .debug_str     0x00000000   0x14e5e8 ./Core/Src/main.o
                             0x14f117 (size before relaxing)
 .debug_str     0x0014e5e8       0x5b ./Core/Src/receiver.o
                               0x7bb2 (size before relaxing)
 .debug_str     0x0014e643      0x11b ./Core/Src/stm32h7xx_hal_msp.o
                             0x14dc17 (size before relaxing)
 .debug_str     0x0014e75e      0x12d ./Core/Src/stm32h7xx_it.o
                             0x14cafd (size before relaxing)
 .debug_str     0x0014e88b      0x30e ./Core/Src/system_stm32h7xx.o
                             0x14c6a3 (size before relaxing)
 .debug_str     0x0014eb99       0x8b ./Core/Startup/startup_stm32h7a3zitxq.o
 .debug_str     0x0014ec24      0x7f7 ./Drivers/STM32H7xx_HAL_Driver/Src/stm32h7xx_hal.o
                             0x14d577 (size before relaxing)
 .debug_str     0x0014f41b      0xac2 ./Drivers/STM32H7xx_HAL_Driver/Src/stm32h7xx_hal_adc.o
                             0x14d401 (size before relaxing)
 .debug_str     0x0014fedd      0x7a7 ./Drivers/STM32H7xx_HAL_Driver/Src/stm32h7xx_hal_adc_ex.o
                             0x14d44d (size before relaxing)
 .debug_str     0x00150684      0x2b9 ./Drivers/STM32H7xx_HAL_Driver/Src/stm32h7xx_hal_cortex.o
                             0x14cfbf (size before relaxing)
 .debug_str     0x0015093d      0x890 ./Drivers/STM32H7xx_HAL_Driver/Src/stm32h7xx_hal_dma.o
                             0x14cdd2 (size before relaxing)
 .debug_str     0x001511cd       0xec ./Drivers/STM32H7xx_HAL_Driver/Src/stm32h7xx_hal_gpio.o
                             0x14c654 (size before relaxing)
 .debug_str     0x001512b9      0x27b ./Drivers/STM32H7xx_HAL_Driver/Src/stm32h7xx_hal_pwr.o
                             0x14c62e (size before relaxing)
 .debug_str     0x00151534      0x70e ./Drivers/STM32H7xx_HAL_Driver/Src/stm32h7xx_hal_pwr_ex.o
                             0x14cbd9 (size before relaxing)
 .debug_str     0x00151c42      0x208 ./Drivers/STM32H7xx_HAL_Driver/Src/stm32h7xx_hal_rcc.o
                             0x14ca7c (size before relaxing)
 .debug_str     0x00151e4a      0x5af ./Drivers/STM32H7xx_HAL_Driver/Src/stm32h7xx_hal_rcc_ex.o
                             0x14cf11 (size before relaxing)
 .debug_str     0x001523f9      0xe2e ./Drivers/STM32H7xx_HAL_Driver/Src/stm32h7xx_hal_tim.o
                             0x14d7e9 (size before relaxing)
 .debug_str     0x00153227      0x5f6 ./Drivers/STM32H7xx_HAL_Driver/Src/stm32h7xx_hal_tim_ex.o
                             0x14d196 (size before relaxing)
 .debug_str     0x0015381d      0x9ce ./Drivers/STM32H7xx_HAL_Driver/Src/stm32h7xx_hal_uart.o
                             0x14d5ac (size before relaxing)
 .debug_str     0x001541eb      0x266 ./Drivers/STM32H7xx_HAL_Driver/Src/stm32h7xx_hal_uart_ex.o
                             0x14cb4b (size before relaxing)
 .debug_str     0x00154451      0x5ce C:\Users\domko\WRAP-MCU\WRAP_RX_H7\Drivers\CMSIS\Lib\GCC\libarm_cortexM4lf_math.a(arm_correlate_f32.o)
                                0x6f2 (size before relaxing)
 .debug_str     0x00154a1f       0x35 C:\Users\domko\WRAP-MCU\WRAP_RX_H7\Drivers\CMSIS\Lib\GCC\libarm_cortexM4lf_math.a(arm_conv_f32.o)
                                0x6cf (size before relaxing)

.comment        0x00000000       0xb8
 .comment       0x00000000       0x43 ./Core/Src/main.o
                                 0x44 (size before relaxing)
 .comment       0x00000043       0x44 ./Core/Src/receiver.o
 .comment       0x00000043       0x44 ./Core/Src/stm32h7xx_hal_msp.o
 .comment       0x00000043       0x44 ./Core/Src/stm32h7xx_it.o
 .comment       0x00000043       0x44 ./Core/Src/system_stm32h7xx.o
 .comment       0x00000043       0x44 ./Drivers/STM32H7xx_HAL_Driver/Src/stm32h7xx_hal.o
 .comment       0x00000043       0x44 ./Drivers/STM32H7xx_HAL_Driver/Src/stm32h7xx_hal_adc.o
 .comment       0x00000043       0x44 ./Drivers/STM32H7xx_HAL_Driver/Src/stm32h7xx_hal_adc_ex.o
 .comment       0x00000043       0x44 ./Drivers/STM32H7xx_HAL_Driver/Src/stm32h7xx_hal_cortex.o
 .comment       0x00000043       0x44 ./Drivers/STM32H7xx_HAL_Driver/Src/stm32h7xx_hal_dma.o
 .comment       0x00000043       0x44 ./Drivers/STM32H7xx_HAL_Driver/Src/stm32h7xx_hal_gpio.o
 .comment       0x00000043       0x44 ./Drivers/STM32H7xx_HAL_Driver/Src/stm32h7xx_hal_pwr.o
 .comment       0x00000043       0x44 ./Drivers/STM32H7xx_HAL_Driver/Src/stm32h7xx_hal_pwr_ex.o
 .comment       0x00000043       0x44 ./Drivers/STM32H7xx_HAL_Driver/Src/stm32h7xx_hal_rcc.o
 .comment       0x00000043       0x44 ./Drivers/STM32H7xx_HAL_Driver/Src/stm32h7xx_hal_rcc_ex.o
 .comment       0x00000043       0x44 ./Drivers/STM32H7xx_HAL_Driver/Src/stm32h7xx_hal_tim.o
 .comment       0x00000043       0x44 ./Drivers/STM32H7xx_HAL_Driver/Src/stm32h7xx_hal_tim_ex.o
 .comment       0x00000043       0x44 ./Drivers/STM32H7xx_HAL_Driver/Src/stm32h7xx_hal_uart.o
 .comment       0x00000043       0x44 ./Drivers/STM32H7xx_HAL_Driver/Src/stm32h7xx_hal_uart_ex.o
 .comment       0x00000043       0x75 C:\Users\domko\WRAP-MCU\WRAP_RX_H7\Drivers\CMSIS\Lib\GCC\libarm_cortexM4lf_math.a(arm_correlate_f32.o)
                                 0x76 (size before relaxing)
 .comment       0x000000b8       0x76 C:\Users\domko\WRAP-MCU\WRAP_RX_H7\Drivers\CMSIS\Lib\GCC\libarm_cortexM4lf_math.a(arm_conv_f32.o)

.debug_frame    0x00000000     0x62d4
 .debug_frame   0x00000000      0x258 ./Core/Src/main.o
 .debug_frame   0x00000258       0x80 ./Core/Src/receiver.o
 .debug_frame   0x000002d8      0x11c ./Core/Src/stm32h7xx_hal_msp.o