../Core/Src/main.c:87:6:test_dac_overwrite	24	static
../Core/Src/main.c:94:6:recalculate_output	56	static
../Core/Src/main.c:143:5:main	16	static
../Core/Src/main.c:200:6:SystemClock_Config	152	static
../Core/Src/main.c:292:13:MX_DAC1_Init	48	static
../Core/Src/main.c:335:13:MX_OPAMP1_Init	8	static
../Core/Src/main.c:365:13:MX_TIM6_Init	24	static
../Core/Src/main.c:403:13:MX_USART3_UART_Init	8	static
../Core/Src/main.c:449:13:MX_DMA_Init	16	static
../Core/Src/main.c:470:13:MX_GPIO_Init	48	static
../Core/Src/main.c:504:6:HAL_UART_RxCpltCallback	16	static
../Core/Src/main.c:517:6:Error_Handler	4	static,ignoring_inline_asm
