../Core/Src/main.c:86:6:test_dac_overwrite	24	static
../Core/Src/main.c:93:6:recalculate_output	56	static
../Core/Src/main.c:136:5:main	16	static
../Core/Src/main.c:192:6:SystemClock_Config	152	static
../Core/Src/main.c:284:13:MX_DAC1_Init	48	static
../Core/Src/main.c:327:13:MX_OPAMP1_Init	8	static
../Core/Src/main.c:357:13:MX_TIM6_Init	24	static
../Core/Src/main.c:395:13:MX_USART3_UART_Init	8	static
../Core/Src/main.c:441:13:MX_DMA_Init	16	static
../Core/Src/main.c:462:13:MX_GPIO_Init	48	static
../Core/Src/main.c:496:6:HAL_UART_RxCpltCallback	16	static
../Core/Src/main.c:509:6:Error_Handler	4	static,ignoring_inline_asm
